#
# There is insufficient memory for the Java Runtime Environment to continue.
# Native memory allocation (malloc) failed to allocate 374736 bytes for Chunk::new
# Possible reasons:
#   The system is out of physical RAM or swap space
#   The process is running with CompressedOops enabled, and the Java Heap may be blocking the growth of the native heap
# Possible solutions:
#   Reduce memory load on the system
#   Increase physical memory or swap space
#   Check if swap backing store is full
#   Decrease Java heap size (-Xmx/-Xms)
#   Decrease number of Java threads
#   Decrease Java thread stack sizes (-Xss)
#   Set larger code cache with -XX:ReservedCodeCacheSize=
#   JVM is running with Unscaled Compressed Oops mode in which the Java heap is
#     placed in the first 4GB address space. The Java Heap base address is the
#     maximum limit for the native heap growth. Please use -XX:HeapBaseMinAddress
#     to set the Java Heap base and to place the Java Heap above 4GB virtual address.
# This output file may be truncated or incomplete.
#
#  Out of Memory Error (arena.cpp:184), pid=13120, tid=8900
#
# JRE version: Java(TM) SE Runtime Environment (18.0.2.1+1) (build 18.0.2.1+1-1)
# Java VM: Java HotSpot(TM) 64-Bit Server VM (18.0.2.1+1-1, mixed mode, sharing, tiered, compressed oops, compressed class ptrs, g1 gc, windows-amd64)
# No core dump will be written. Minidumps are not enabled by default on client versions of Windows
#

---------------  S U M M A R Y ------------

Command Line: --add-opens=java.base/java.lang=ALL-UNNAMED --add-opens=java.base/java.lang.invoke=ALL-UNNAMED --add-opens=java.base/java.util=ALL-UNNAMED --add-opens=java.prefs/java.util.prefs=ALL-UNNAMED --add-exports=jdk.compiler/com.sun.tools.javac.api=ALL-UNNAMED --add-exports=jdk.compiler/com.sun.tools.javac.util=ALL-UNNAMED --add-opens=java.base/java.nio.charset=ALL-UNNAMED --add-opens=java.base/java.net=ALL-UNNAMED --add-opens=java.base/java.util.concurrent=ALL-UNNAMED --add-opens=java.base/java.util.concurrent.atomic=ALL-UNNAMED --add-opens=java.xml/javax.xml.namespace=ALL-UNNAMED --add-opens=java.base/java.time=ALL-UNNAMED -XX:MaxMetaspaceSize=384m -XX:+HeapDumpOnOutOfMemoryError -Xms256m -Xmx512m -Dfile.encoding=UTF-8 -Duser.country=IN -Duser.language=en -Duser.variant -javaagent:C:\Users\Prince Maurya\.gradle\wrapper\dists\gradle-9.5.1-bin\iq79hdu3mqx29lgffhp8bfmx\gradle-9.5.1\lib\agents\gradle-instrumentation-agent-9.5.1.jar org.gradle.launcher.daemon.bootstrap.GradleDaemon 9.5.1

Host: 11th Gen Intel(R) Core(TM) i5-1135G7 @ 2.40GHz, 8 cores, 31G,  Windows 11 , 64 bit Build 26100 (10.0.26100.8875)
Time: Fri Jul 24 19:25:23 2026 India Standard Time elapsed time: 10.758089 seconds (0d 0h 0m 10s)

---------------  T H R E A D  ---------------

Current thread (0x000001785eb65900):  JavaThread "C2 CompilerThread0" daemon [_thread_in_native, id=8900, stack(0x0000001262300000,0x0000001262400000)]


Current CompileTask:
C2:  10758 2438   !   4       java.util.zip.InflaterInputStream::read (122 bytes)

Stack: [0x0000001262300000,0x0000001262400000]
Native frames: (J=compiled Java code, j=interpreted, Vv=VM code, C=native code)
V  [jvm.dll+0x6993aa]
V  [jvm.dll+0x7f46dd]
V  [jvm.dll+0x7f5fee]
V  [jvm.dll+0x7f66a3]
V  [jvm.dll+0x25cf1f]
V  [jvm.dll+0xb8c2f]
V  [jvm.dll+0xb8fa5]
V  [jvm.dll+0x386091]
V  [jvm.dll+0x34fe71]
V  [jvm.dll+0x34f30a]
V  [jvm.dll+0x230101]
V  [jvm.dll+0x22f4d1]
V  [jvm.dll+0x1ba01c]
V  [jvm.dll+0x23ee0a]
V  [jvm.dll+0x23d0f5]
V  [jvm.dll+0x7a6dd1]
V  [jvm.dll+0x7a120a]
V  [jvm.dll+0x698255]
C  [ucrtbase.dll+0x2cd30]
C  [KERNEL32.DLL+0x2e957]
C  [ntdll.dll+0xaad6c]


---------------  P R O C E S S  ---------------

Threads class SMR info:
_java_thread_list=0x00000178648f9580, length=22, elements={
0x000001784420da10, 0x000001785eb3c680, 0x000001785eb3db90, 0x000001785eb54280,
0x000001785eb5ef60, 0x000001785eb60380, 0x000001785eb60d20, 0x000001785eb65900,
0x000001785eb862f0, 0x000001785eb8ece0, 0x0000017862dae3c0, 0x0000017862ea9220,
0x00000178647ba260, 0x0000017864d90e70, 0x0000017864db4080, 0x000001786442a280,
0x0000017864cd36a0, 0x0000017865426bf0, 0x00000178655b23c0, 0x00000178655b2d60,
0x00000178655b1080, 0x00000178655b3230
}

Java Threads: ( => current thread )
  0x000001784420da10 JavaThread "main" [_thread_blocked, id=19080, stack(0x0000001261600000,0x0000001261700000)]
  0x000001785eb3c680 JavaThread "Reference Handler" daemon [_thread_blocked, id=29272, stack(0x0000001261d00000,0x0000001261e00000)]
  0x000001785eb3db90 JavaThread "Finalizer" daemon [_thread_blocked, id=20208, stack(0x0000001261e00000,0x0000001261f00000)]
  0x000001785eb54280 JavaThread "Signal Dispatcher" daemon [_thread_blocked, id=10440, stack(0x0000001261f00000,0x0000001262000000)]
  0x000001785eb5ef60 JavaThread "Attach Listener" daemon [_thread_blocked, id=14904, stack(0x0000001262000000,0x0000001262100000)]
  0x000001785eb60380 JavaThread "Service Thread" daemon [_thread_blocked, id=13160, stack(0x0000001262100000,0x0000001262200000)]
  0x000001785eb60d20 JavaThread "Monitor Deflation Thread" daemon [_thread_blocked, id=14560, stack(0x0000001262200000,0x0000001262300000)]
=>0x000001785eb65900 JavaThread "C2 CompilerThread0" daemon [_thread_in_native, id=8900, stack(0x0000001262300000,0x0000001262400000)]
  0x000001785eb862f0 JavaThread "C1 CompilerThread0" daemon [_thread_in_vm, id=6628, stack(0x0000001262400000,0x0000001262500000)]
  0x000001785eb8ece0 JavaThread "Sweeper thread" daemon [_thread_blocked, id=3296, stack(0x0000001262500000,0x0000001262600000)]
  0x0000017862dae3c0 JavaThread "Common-Cleaner" daemon [_thread_blocked, id=27564, stack(0x0000001262600000,0x0000001262700000)]
  0x0000017862ea9220 JavaThread "Notification Thread" daemon [_thread_blocked, id=11312, stack(0x0000001262700000,0x0000001262800000)]
  0x00000178647ba260 JavaThread "Daemon health stats" [_thread_blocked, id=20108, stack(0x0000001263000000,0x0000001263100000)]
  0x0000017864d90e70 JavaThread "Incoming local TCP Connector on port 59769" [_thread_in_native, id=14420, stack(0x0000001262900000,0x0000001262a00000)]
  0x0000017864db4080 JavaThread "Daemon periodic checks" [_thread_blocked, id=2508, stack(0x0000001262a00000,0x0000001262b00000)]
  0x000001786442a280 JavaThread "Daemon" [_thread_blocked, id=31340, stack(0x0000001263100000,0x0000001263200000)]
  0x0000017864cd36a0 JavaThread "Handler for socket connection from /127.0.0.1:59769 to /127.0.0.1:59770" [_thread_in_native, id=18856, stack(0x0000001263200000,0x0000001263300000)]
  0x0000017865426bf0 JavaThread "Cancel handler" [_thread_blocked, id=26760, stack(0x0000001263300000,0x0000001263400000)]
  0x00000178655b23c0 JavaThread "Daemon worker" [_thread_in_vm, id=23584, stack(0x0000001263400000,0x0000001263500000)]
  0x00000178655b2d60 JavaThread "Asynchronous log dispatcher for DefaultDaemonConnection: socket connection from /127.0.0.1:59769 to /127.0.0.1:59770" [_thread_blocked, id=26856, stack(0x0000001263500000,0x0000001263600000)]
  0x00000178655b1080 JavaThread "Stdin handler" [_thread_blocked, id=14532, stack(0x0000001263600000,0x0000001263700000)]
  0x00000178655b3230 JavaThread "Daemon client event forwarder" [_thread_blocked, id=14196, stack(0x0000001263700000,0x0000001263800000)]

Other Threads:
  0x00000178442519e0 VMThread "VM Thread" [stack: 0x0000001261c00000,0x0000001261d00000] [id=28812]
  0x000001784420e730 WatcherThread "VM Periodic Task Thread" [stack: 0x0000001262800000,0x0000001262900000] [id=13960]
  0x0000017844240340 WorkerThread "GC Thread#0" [stack: 0x0000001261700000,0x0000001261800000] [id=13004]
  0x0000017863971660 WorkerThread "GC Thread#1" [stack: 0x0000001262b00000,0x0000001262c00000] [id=4820]
  0x0000017863971900 WorkerThread "GC Thread#2" [stack: 0x0000001262c00000,0x0000001262d00000] [id=28944]
  0x0000017863971ba0 WorkerThread "GC Thread#3" [stack: 0x0000001262d00000,0x0000001262e00000] [id=23748]
  0x0000017863971e40 WorkerThread "GC Thread#4" [stack: 0x0000001262e00000,0x0000001262f00000] [id=30456]
  0x00000178635b4be0 WorkerThread "GC Thread#5" [stack: 0x0000001262f00000,0x0000001263000000] [id=24796]
  0x0000017844245110 ConcurrentGCThread "G1 Main Marker" [stack: 0x0000001261800000,0x0000001261900000] [id=3720]
  0x0000017844246510 WorkerThread "G1 Conc#0" [stack: 0x0000001261900000,0x0000001261a00000] [id=11552]
  0x00000178442be1c0 ConcurrentGCThread "G1 Refine#0" [stack: 0x0000001261a00000,0x0000001261b00000] [id=20520]
  0x00000178442be970 ConcurrentGCThread "G1 Service" [stack: 0x0000001261b00000,0x0000001261c00000] [id=28728]

Threads with active compile tasks:
C2 CompilerThread0    10831 2438   !   4       java.util.zip.InflaterInputStream::read (122 bytes)
C1 CompilerThread0    10831 2500       3       jdk.internal.org.objectweb.asm.MethodWriter::putAbstractTypes (31 bytes)

VM state: not at safepoint (normal execution)

VM Mutex/Monitor currently owned by a thread:  ([mutex/lock_event])
[0x000001784200d600] Metaspace_lock - owner thread: 0x000001785eb862f0
[0x000001784200da80] MethodData_lock - owner thread: 0x000001785eb862f0

Heap address: 0x00000000e0000000, size: 512 MB, Compressed Oops mode: 32-bit

CDS archive(s) mapped at: [0x0000000800000000-0x0000000800ba0000-0x0000000800ba0000), size 12189696, SharedBaseAddress: 0x0000000800000000, ArchiveRelocationMode: 0.
Compressed class space mapped at: 0x0000000800c00000-0x0000000814000000, reserved size: 322961408
Narrow klass base: 0x0000000800000000, Narrow klass shift: 0, Narrow klass range: 0x100000000

GC Precious Log:
 CardTable entry size: 512
 Card Set container configuration: InlinePtr #cards 5 size 8 Array Of Cards #cards 12 size 40 Howl #buckets 4 coarsen threshold 1843 Howl Bitmap #cards 512 size 80 coarsen threshold 460 Card regions per heap region 1 cards per card region 2048
 CPUs: 8 total, 8 available
 Memory: 32502M
 Large Page Support: Disabled
 NUMA Support: Disabled
 Compressed Oops: Enabled (32-bit)
 Heap Region Size: 1M
 Heap Min Capacity: 256M
 Heap Initial Capacity: 256M
 Heap Max Capacity: 512M
 Pre-touch: Disabled
 Parallel Workers: 8
 Concurrent Workers: 2
 Concurrent Refinement Workers: 8
 Periodic GC: Disabled

Heap:
 garbage-first heap   total 262144K, used 89184K [0x00000000e0000000, 0x0000000100000000)
  region size 1024K, 76 young (77824K), 2 survivors (2048K)
 Metaspace       used 14294K, committed 14656K, reserved 380928K
  class space    used 1920K, committed 2112K, reserved 315392K

Heap Regions: E=young(eden), S=young(survivor), O=old, HS=humongous(starts), HC=humongous(continues), CS=collection set, F=free, OA=open archive, CA=closed archive, TAMS=top-at-mark-start (previous, next)
|   0|0x00000000e0000000, 0x00000000e0100000, 0x00000000e0100000|100%|HS|  |TAMS 0x00000000e0000000, 0x00000000e0000000| Complete 
|   1|0x00000000e0100000, 0x00000000e0200000, 0x00000000e0200000|100%|HC|  |TAMS 0x00000000e0100000, 0x00000000e0100000| Complete 
|   2|0x00000000e0200000, 0x00000000e0300000, 0x00000000e0300000|100%|HC|  |TAMS 0x00000000e0200000, 0x00000000e0200000| Complete 
|   3|0x00000000e0300000, 0x00000000e0400000, 0x00000000e0400000|100%|HC|  |TAMS 0x00000000e0300000, 0x00000000e0300000| Complete 
|   4|0x00000000e0400000, 0x00000000e0500000, 0x00000000e0500000|100%| O|  |TAMS 0x00000000e0400000, 0x00000000e0400000| Untracked 
|   5|0x00000000e0500000, 0x00000000e0600000, 0x00000000e0600000|100%| O|  |TAMS 0x00000000e0500000, 0x00000000e0500000| Untracked 
|   6|0x00000000e0600000, 0x00000000e0700000, 0x00000000e0700000|100%| O|  |TAMS 0x00000000e0600000, 0x00000000e0600000| Untracked 
|   7|0x00000000e0700000, 0x00000000e0800000, 0x00000000e0800000|100%| O|  |TAMS 0x00000000e0700000, 0x00000000e0700000| Untracked 
|   8|0x00000000e0800000, 0x00000000e0900000, 0x00000000e0900000|100%| O|  |TAMS 0x00000000e0800000, 0x00000000e0800000| Untracked 
|   9|0x00000000e0900000, 0x00000000e0a00000, 0x00000000e0a00000|100%| O|  |TAMS 0x00000000e0900000, 0x00000000e0900000| Untracked 
|  10|0x00000000e0a00000, 0x00000000e0b00000, 0x00000000e0b00000|100%| O|  |TAMS 0x00000000e0a00000, 0x00000000e0a00000| Untracked 
|  11|0x00000000e0b00000, 0x00000000e0c00000, 0x00000000e0c00000|100%|HS|  |TAMS 0x00000000e0b00000, 0x00000000e0b00000| Complete 
|  12|0x00000000e0c00000, 0x00000000e0d00000, 0x00000000e0d00000|100%|HS|  |TAMS 0x00000000e0c00000, 0x00000000e0c00000| Complete 
|  13|0x00000000e0d00000, 0x00000000e0d00000, 0x00000000e0e00000|  0%| F|  |TAMS 0x00000000e0d00000, 0x00000000e0d00000| Untracked 
|  14|0x00000000e0e00000, 0x00000000e0e00000, 0x00000000e0f00000|  0%| F|  |TAMS 0x00000000e0e00000, 0x00000000e0e00000| Untracked 
|  15|0x00000000e0f00000, 0x00000000e0f00000, 0x00000000e1000000|  0%| F|  |TAMS 0x00000000e0f00000, 0x00000000e0f00000| Untracked 
|  16|0x00000000e1000000, 0x00000000e1000000, 0x00000000e1100000|  0%| F|  |TAMS 0x00000000e1000000, 0x00000000e1000000| Untracked 
|  17|0x00000000e1100000, 0x00000000e1100000, 0x00000000e1200000|  0%| F|  |TAMS 0x00000000e1100000, 0x00000000e1100000| Untracked 
|  18|0x00000000e1200000, 0x00000000e1200000, 0x00000000e1300000|  0%| F|  |TAMS 0x00000000e1200000, 0x00000000e1200000| Untracked 
|  19|0x00000000e1300000, 0x00000000e1300000, 0x00000000e1400000|  0%| F|  |TAMS 0x00000000e1300000, 0x00000000e1300000| Untracked 
|  20|0x00000000e1400000, 0x00000000e1400000, 0x00000000e1500000|  0%| F|  |TAMS 0x00000000e1400000, 0x00000000e1400000| Untracked 
|  21|0x00000000e1500000, 0x00000000e1500000, 0x00000000e1600000|  0%| F|  |TAMS 0x00000000e1500000, 0x00000000e1500000| Untracked 
|  22|0x00000000e1600000, 0x00000000e1600000, 0x00000000e1700000|  0%| F|  |TAMS 0x00000000e1600000, 0x00000000e1600000| Untracked 
|  23|0x00000000e1700000, 0x00000000e1700000, 0x00000000e1800000|  0%| F|  |TAMS 0x00000000e1700000, 0x00000000e1700000| Untracked 
|  24|0x00000000e1800000, 0x00000000e1800000, 0x00000000e1900000|  0%| F|  |TAMS 0x00000000e1800000, 0x00000000e1800000| Untracked 
|  25|0x00000000e1900000, 0x00000000e1900000, 0x00000000e1a00000|  0%| F|  |TAMS 0x00000000e1900000, 0x00000000e1900000| Untracked 
|  26|0x00000000e1a00000, 0x00000000e1a00000, 0x00000000e1b00000|  0%| F|  |TAMS 0x00000000e1a00000, 0x00000000e1a00000| Untracked 
|  27|0x00000000e1b00000, 0x00000000e1b00000, 0x00000000e1c00000|  0%| F|  |TAMS 0x00000000e1b00000, 0x00000000e1b00000| Untracked 
|  28|0x00000000e1c00000, 0x00000000e1c00000, 0x00000000e1d00000|  0%| F|  |TAMS 0x00000000e1c00000, 0x00000000e1c00000| Untracked 
|  29|0x00000000e1d00000, 0x00000000e1d00000, 0x00000000e1e00000|  0%| F|  |TAMS 0x00000000e1d00000, 0x00000000e1d00000| Untracked 
|  30|0x00000000e1e00000, 0x00000000e1e00000, 0x00000000e1f00000|  0%| F|  |TAMS 0x00000000e1e00000, 0x00000000e1e00000| Untracked 
|  31|0x00000000e1f00000, 0x00000000e1f00000, 0x00000000e2000000|  0%| F|  |TAMS 0x00000000e1f00000, 0x00000000e1f00000| Untracked 
|  32|0x00000000e2000000, 0x00000000e2000000, 0x00000000e2100000|  0%| F|  |TAMS 0x00000000e2000000, 0x00000000e2000000| Untracked 
|  33|0x00000000e2100000, 0x00000000e2100000, 0x00000000e2200000|  0%| F|  |TAMS 0x00000000e2100000, 0x00000000e2100000| Untracked 
|  34|0x00000000e2200000, 0x00000000e2200000, 0x00000000e2300000|  0%| F|  |TAMS 0x00000000e2200000, 0x00000000e2200000| Untracked 
|  35|0x00000000e2300000, 0x00000000e2300000, 0x00000000e2400000|  0%| F|  |TAMS 0x00000000e2300000, 0x00000000e2300000| Untracked 
|  36|0x00000000e2400000, 0x00000000e2400000, 0x00000000e2500000|  0%| F|  |TAMS 0x00000000e2400000, 0x00000000e2400000| Untracked 
|  37|0x00000000e2500000, 0x00000000e2500000, 0x00000000e2600000|  0%| F|  |TAMS 0x00000000e2500000, 0x00000000e2500000| Untracked 
|  38|0x00000000e2600000, 0x00000000e2600000, 0x00000000e2700000|  0%| F|  |TAMS 0x00000000e2600000, 0x00000000e2600000| Untracked 
|  39|0x00000000e2700000, 0x00000000e2700000, 0x00000000e2800000|  0%| F|  |TAMS 0x00000000e2700000, 0x00000000e2700000| Untracked 
|  40|0x00000000e2800000, 0x00000000e2800000, 0x00000000e2900000|  0%| F|  |TAMS 0x00000000e2800000, 0x00000000e2800000| Untracked 
|  41|0x00000000e2900000, 0x00000000e2900000, 0x00000000e2a00000|  0%| F|  |TAMS 0x00000000e2900000, 0x00000000e2900000| Untracked 
|  42|0x00000000e2a00000, 0x00000000e2a00000, 0x00000000e2b00000|  0%| F|  |TAMS 0x00000000e2a00000, 0x00000000e2a00000| Untracked 
|  43|0x00000000e2b00000, 0x00000000e2b00000, 0x00000000e2c00000|  0%| F|  |TAMS 0x00000000e2b00000, 0x00000000e2b00000| Untracked 
|  44|0x00000000e2c00000, 0x00000000e2c00000, 0x00000000e2d00000|  0%| F|  |TAMS 0x00000000e2c00000, 0x00000000e2c00000| Untracked 
|  45|0x00000000e2d00000, 0x00000000e2d00000, 0x00000000e2e00000|  0%| F|  |TAMS 0x00000000e2d00000, 0x00000000e2d00000| Untracked 
|  46|0x00000000e2e00000, 0x00000000e2e00000, 0x00000000e2f00000|  0%| F|  |TAMS 0x00000000e2e00000, 0x00000000e2e00000| Untracked 
|  47|0x00000000e2f00000, 0x00000000e2f00000, 0x00000000e3000000|  0%| F|  |TAMS 0x00000000e2f00000, 0x00000000e2f00000| Untracked 
|  48|0x00000000e3000000, 0x00000000e3000000, 0x00000000e3100000|  0%| F|  |TAMS 0x00000000e3000000, 0x00000000e3000000| Untracked 
|  49|0x00000000e3100000, 0x00000000e3100000, 0x00000000e3200000|  0%| F|  |TAMS 0x00000000e3100000, 0x00000000e3100000| Untracked 
|  50|0x00000000e3200000, 0x00000000e3200000, 0x00000000e3300000|  0%| F|  |TAMS 0x00000000e3200000, 0x00000000e3200000| Untracked 
|  51|0x00000000e3300000, 0x00000000e3300000, 0x00000000e3400000|  0%| F|  |TAMS 0x00000000e3300000, 0x00000000e3300000| Untracked 
|  52|0x00000000e3400000, 0x00000000e3400000, 0x00000000e3500000|  0%| F|  |TAMS 0x00000000e3400000, 0x00000000e3400000| Untracked 
|  53|0x00000000e3500000, 0x00000000e3500000, 0x00000000e3600000|  0%| F|  |TAMS 0x00000000e3500000, 0x00000000e3500000| Untracked 
|  54|0x00000000e3600000, 0x00000000e3600000, 0x00000000e3700000|  0%| F|  |TAMS 0x00000000e3600000, 0x00000000e3600000| Untracked 
|  55|0x00000000e3700000, 0x00000000e3700000, 0x00000000e3800000|  0%| F|  |TAMS 0x00000000e3700000, 0x00000000e3700000| Untracked 
|  56|0x00000000e3800000, 0x00000000e3800000, 0x00000000e3900000|  0%| F|  |TAMS 0x00000000e3800000, 0x00000000e3800000| Untracked 
|  57|0x00000000e3900000, 0x00000000e3900000, 0x00000000e3a00000|  0%| F|  |TAMS 0x00000000e3900000, 0x00000000e3900000| Untracked 
|  58|0x00000000e3a00000, 0x00000000e3a00000, 0x00000000e3b00000|  0%| F|  |TAMS 0x00000000e3a00000, 0x00000000e3a00000| Untracked 
|  59|0x00000000e3b00000, 0x00000000e3b00000, 0x00000000e3c00000|  0%| F|  |TAMS 0x00000000e3b00000, 0x00000000e3b00000| Untracked 
|  60|0x00000000e3c00000, 0x00000000e3c00000, 0x00000000e3d00000|  0%| F|  |TAMS 0x00000000e3c00000, 0x00000000e3c00000| Untracked 
|  61|0x00000000e3d00000, 0x00000000e3d00000, 0x00000000e3e00000|  0%| F|  |TAMS 0x00000000e3d00000, 0x00000000e3d00000| Untracked 
|  62|0x00000000e3e00000, 0x00000000e3e00000, 0x00000000e3f00000|  0%| F|  |TAMS 0x00000000e3e00000, 0x00000000e3e00000| Untracked 
|  63|0x00000000e3f00000, 0x00000000e3f00000, 0x00000000e4000000|  0%| F|  |TAMS 0x00000000e3f00000, 0x00000000e3f00000| Untracked 
|  64|0x00000000e4000000, 0x00000000e4000000, 0x00000000e4100000|  0%| F|  |TAMS 0x00000000e4000000, 0x00000000e4000000| Untracked 
|  65|0x00000000e4100000, 0x00000000e4100000, 0x00000000e4200000|  0%| F|  |TAMS 0x00000000e4100000, 0x00000000e4100000| Untracked 
|  66|0x00000000e4200000, 0x00000000e4200000, 0x00000000e4300000|  0%| F|  |TAMS 0x00000000e4200000, 0x00000000e4200000| Untracked 
|  67|0x00000000e4300000, 0x00000000e4300000, 0x00000000e4400000|  0%| F|  |TAMS 0x00000000e4300000, 0x00000000e4300000| Untracked 
|  68|0x00000000e4400000, 0x00000000e4400000, 0x00000000e4500000|  0%| F|  |TAMS 0x00000000e4400000, 0x00000000e4400000| Untracked 
|  69|0x00000000e4500000, 0x00000000e4500000, 0x00000000e4600000|  0%| F|  |TAMS 0x00000000e4500000, 0x00000000e4500000| Untracked 
|  70|0x00000000e4600000, 0x00000000e4600000, 0x00000000e4700000|  0%| F|  |TAMS 0x00000000e4600000, 0x00000000e4600000| Untracked 
|  71|0x00000000e4700000, 0x00000000e4700000, 0x00000000e4800000|  0%| F|  |TAMS 0x00000000e4700000, 0x00000000e4700000| Untracked 
|  72|0x00000000e4800000, 0x00000000e4800000, 0x00000000e4900000|  0%| F|  |TAMS 0x00000000e4800000, 0x00000000e4800000| Untracked 
|  73|0x00000000e4900000, 0x00000000e4900000, 0x00000000e4a00000|  0%| F|  |TAMS 0x00000000e4900000, 0x00000000e4900000| Untracked 
|  74|0x00000000e4a00000, 0x00000000e4a00000, 0x00000000e4b00000|  0%| F|  |TAMS 0x00000000e4a00000, 0x00000000e4a00000| Untracked 
|  75|0x00000000e4b00000, 0x00000000e4b00000, 0x00000000e4c00000|  0%| F|  |TAMS 0x00000000e4b00000, 0x00000000e4b00000| Untracked 
|  76|0x00000000e4c00000, 0x00000000e4c00000, 0x00000000e4d00000|  0%| F|  |TAMS 0x00000000e4c00000, 0x00000000e4c00000| Untracked 
|  77|0x00000000e4d00000, 0x00000000e4d00000, 0x00000000e4e00000|  0%| F|  |TAMS 0x00000000e4d00000, 0x00000000e4d00000| Untracked 
|  78|0x00000000e4e00000, 0x00000000e4e00000, 0x00000000e4f00000|  0%| F|  |TAMS 0x00000000e4e00000, 0x00000000e4e00000| Untracked 
|  79|0x00000000e4f00000, 0x00000000e4f00000, 0x00000000e5000000|  0%| F|  |TAMS 0x00000000e4f00000, 0x00000000e4f00000| Untracked 
|  80|0x00000000e5000000, 0x00000000e5000000, 0x00000000e5100000|  0%| F|  |TAMS 0x00000000e5000000, 0x00000000e5000000| Untracked 
|  81|0x00000000e5100000, 0x00000000e5100000, 0x00000000e5200000|  0%| F|  |TAMS 0x00000000e5100000, 0x00000000e5100000| Untracked 
|  82|0x00000000e5200000, 0x00000000e5200000, 0x00000000e5300000|  0%| F|  |TAMS 0x00000000e5200000, 0x00000000e5200000| Untracked 
|  83|0x00000000e5300000, 0x00000000e5300000, 0x00000000e5400000|  0%| F|  |TAMS 0x00000000e5300000, 0x00000000e5300000| Untracked 
|  84|0x00000000e5400000, 0x00000000e5400000, 0x00000000e5500000|  0%| F|  |TAMS 0x00000000e5400000, 0x00000000e5400000| Untracked 
|  85|0x00000000e5500000, 0x00000000e5500000, 0x00000000e5600000|  0%| F|  |TAMS 0x00000000e5500000, 0x00000000e5500000| Untracked 
|  86|0x00000000e5600000, 0x00000000e5600000, 0x00000000e5700000|  0%| F|  |TAMS 0x00000000e5600000, 0x00000000e5600000| Untracked 
|  87|0x00000000e5700000, 0x00000000e5700000, 0x00000000e5800000|  0%| F|  |TAMS 0x00000000e5700000, 0x00000000e5700000| Untracked 
|  88|0x00000000e5800000, 0x00000000e5800000, 0x00000000e5900000|  0%| F|  |TAMS 0x00000000e5800000, 0x00000000e5800000| Untracked 
|  89|0x00000000e5900000, 0x00000000e5900000, 0x00000000e5a00000|  0%| F|  |TAMS 0x00000000e5900000, 0x00000000e5900000| Untracked 
|  90|0x00000000e5a00000, 0x00000000e5a00000, 0x00000000e5b00000|  0%| F|  |TAMS 0x00000000e5a00000, 0x00000000e5a00000| Untracked 
|  91|0x00000000e5b00000, 0x00000000e5b00000, 0x00000000e5c00000|  0%| F|  |TAMS 0x00000000e5b00000, 0x00000000e5b00000| Untracked 
|  92|0x00000000e5c00000, 0x00000000e5c00000, 0x00000000e5d00000|  0%| F|  |TAMS 0x00000000e5c00000, 0x00000000e5c00000| Untracked 
|  93|0x00000000e5d00000, 0x00000000e5d00000, 0x00000000e5e00000|  0%| F|  |TAMS 0x00000000e5d00000, 0x00000000e5d00000| Untracked 
|  94|0x00000000e5e00000, 0x00000000e5e00000, 0x00000000e5f00000|  0%| F|  |TAMS 0x00000000e5e00000, 0x00000000e5e00000| Untracked 
|  95|0x00000000e5f00000, 0x00000000e5f00000, 0x00000000e6000000|  0%| F|  |TAMS 0x00000000e5f00000, 0x00000000e5f00000| Untracked 
|  96|0x00000000e6000000, 0x00000000e6000000, 0x00000000e6100000|  0%| F|  |TAMS 0x00000000e6000000, 0x00000000e6000000| Untracked 
|  97|0x00000000e6100000, 0x00000000e6100000, 0x00000000e6200000|  0%| F|  |TAMS 0x00000000e6100000, 0x00000000e6100000| Untracked 
|  98|0x00000000e6200000, 0x00000000e6200000, 0x00000000e6300000|  0%| F|  |TAMS 0x00000000e6200000, 0x00000000e6200000| Untracked 
|  99|0x00000000e6300000, 0x00000000e6300000, 0x00000000e6400000|  0%| F|  |TAMS 0x00000000e6300000, 0x00000000e6300000| Untracked 
| 100|0x00000000e6400000, 0x00000000e6400000, 0x00000000e6500000|  0%| F|  |TAMS 0x00000000e6400000, 0x00000000e6400000| Untracked 
| 101|0x00000000e6500000, 0x00000000e6500000, 0x00000000e6600000|  0%| F|  |TAMS 0x00000000e6500000, 0x00000000e6500000| Untracked 
| 102|0x00000000e6600000, 0x00000000e6600000, 0x00000000e6700000|  0%| F|  |TAMS 0x00000000e6600000, 0x00000000e6600000| Untracked 
| 103|0x00000000e6700000, 0x00000000e6700000, 0x00000000e6800000|  0%| F|  |TAMS 0x00000000e6700000, 0x00000000e6700000| Untracked 
| 104|0x00000000e6800000, 0x00000000e6800000, 0x00000000e6900000|  0%| F|  |TAMS 0x00000000e6800000, 0x00000000e6800000| Untracked 
| 105|0x00000000e6900000, 0x00000000e6900000, 0x00000000e6a00000|  0%| F|  |TAMS 0x00000000e6900000, 0x00000000e6900000| Untracked 
| 106|0x00000000e6a00000, 0x00000000e6a00000, 0x00000000e6b00000|  0%| F|  |TAMS 0x00000000e6a00000, 0x00000000e6a00000| Untracked 
| 107|0x00000000e6b00000, 0x00000000e6b00000, 0x00000000e6c00000|  0%| F|  |TAMS 0x00000000e6b00000, 0x00000000e6b00000| Untracked 
| 108|0x00000000e6c00000, 0x00000000e6c00000, 0x00000000e6d00000|  0%| F|  |TAMS 0x00000000e6c00000, 0x00000000e6c00000| Untracked 
| 109|0x00000000e6d00000, 0x00000000e6d00000, 0x00000000e6e00000|  0%| F|  |TAMS 0x00000000e6d00000, 0x00000000e6d00000| Untracked 
| 110|0x00000000e6e00000, 0x00000000e6e00000, 0x00000000e6f00000|  0%| F|  |TAMS 0x00000000e6e00000, 0x00000000e6e00000| Untracked 
| 111|0x00000000e6f00000, 0x00000000e6f00000, 0x00000000e7000000|  0%| F|  |TAMS 0x00000000e6f00000, 0x00000000e6f00000| Untracked 
| 112|0x00000000e7000000, 0x00000000e7000000, 0x00000000e7100000|  0%| F|  |TAMS 0x00000000e7000000, 0x00000000e7000000| Untracked 
| 113|0x00000000e7100000, 0x00000000e7100000, 0x00000000e7200000|  0%| F|  |TAMS 0x00000000e7100000, 0x00000000e7100000| Untracked 
| 114|0x00000000e7200000, 0x00000000e7200000, 0x00000000e7300000|  0%| F|  |TAMS 0x00000000e7200000, 0x00000000e7200000| Untracked 
| 115|0x00000000e7300000, 0x00000000e7300000, 0x00000000e7400000|  0%| F|  |TAMS 0x00000000e7300000, 0x00000000e7300000| Untracked 
| 116|0x00000000e7400000, 0x00000000e7400000, 0x00000000e7500000|  0%| F|  |TAMS 0x00000000e7400000, 0x00000000e7400000| Untracked 
| 117|0x00000000e7500000, 0x00000000e7500000, 0x00000000e7600000|  0%| F|  |TAMS 0x00000000e7500000, 0x00000000e7500000| Untracked 
| 118|0x00000000e7600000, 0x00000000e7600000, 0x00000000e7700000|  0%| F|  |TAMS 0x00000000e7600000, 0x00000000e7600000| Untracked 
| 119|0x00000000e7700000, 0x00000000e7700000, 0x00000000e7800000|  0%| F|  |TAMS 0x00000000e7700000, 0x00000000e7700000| Untracked 
| 120|0x00000000e7800000, 0x00000000e7800000, 0x00000000e7900000|  0%| F|  |TAMS 0x00000000e7800000, 0x00000000e7800000| Untracked 
| 121|0x00000000e7900000, 0x00000000e7900000, 0x00000000e7a00000|  0%| F|  |TAMS 0x00000000e7900000, 0x00000000e7900000| Untracked 
| 122|0x00000000e7a00000, 0x00000000e7a00000, 0x00000000e7b00000|  0%| F|  |TAMS 0x00000000e7a00000, 0x00000000e7a00000| Untracked 
| 123|0x00000000e7b00000, 0x00000000e7b00000, 0x00000000e7c00000|  0%| F|  |TAMS 0x00000000e7b00000, 0x00000000e7b00000| Untracked 
| 124|0x00000000e7c00000, 0x00000000e7c00000, 0x00000000e7d00000|  0%| F|  |TAMS 0x00000000e7c00000, 0x00000000e7c00000| Untracked 
| 125|0x00000000e7d00000, 0x00000000e7d00000, 0x00000000e7e00000|  0%| F|  |TAMS 0x00000000e7d00000, 0x00000000e7d00000| Untracked 
| 126|0x00000000e7e00000, 0x00000000e7e00000, 0x00000000e7f00000|  0%| F|  |TAMS 0x00000000e7e00000, 0x00000000e7e00000| Untracked 
| 127|0x00000000e7f00000, 0x00000000e7f00000, 0x00000000e8000000|  0%| F|  |TAMS 0x00000000e7f00000, 0x00000000e7f00000| Untracked 
| 128|0x00000000e8000000, 0x00000000e8000000, 0x00000000e8100000|  0%| F|  |TAMS 0x00000000e8000000, 0x00000000e8000000| Untracked 
| 129|0x00000000e8100000, 0x00000000e8100000, 0x00000000e8200000|  0%| F|  |TAMS 0x00000000e8100000, 0x00000000e8100000| Untracked 
| 130|0x00000000e8200000, 0x00000000e8200000, 0x00000000e8300000|  0%| F|  |TAMS 0x00000000e8200000, 0x00000000e8200000| Untracked 
| 131|0x00000000e8300000, 0x00000000e8300000, 0x00000000e8400000|  0%| F|  |TAMS 0x00000000e8300000, 0x00000000e8300000| Untracked 
| 132|0x00000000e8400000, 0x00000000e8400000, 0x00000000e8500000|  0%| F|  |TAMS 0x00000000e8400000, 0x00000000e8400000| Untracked 
| 133|0x00000000e8500000, 0x00000000e8500000, 0x00000000e8600000|  0%| F|  |TAMS 0x00000000e8500000, 0x00000000e8500000| Untracked 
| 134|0x00000000e8600000, 0x00000000e8600000, 0x00000000e8700000|  0%| F|  |TAMS 0x00000000e8600000, 0x00000000e8600000| Untracked 
| 135|0x00000000e8700000, 0x00000000e8700000, 0x00000000e8800000|  0%| F|  |TAMS 0x00000000e8700000, 0x00000000e8700000| Untracked 
| 136|0x00000000e8800000, 0x00000000e8800000, 0x00000000e8900000|  0%| F|  |TAMS 0x00000000e8800000, 0x00000000e8800000| Untracked 
| 137|0x00000000e8900000, 0x00000000e8900000, 0x00000000e8a00000|  0%| F|  |TAMS 0x00000000e8900000, 0x00000000e8900000| Untracked 
| 138|0x00000000e8a00000, 0x00000000e8a00000, 0x00000000e8b00000|  0%| F|  |TAMS 0x00000000e8a00000, 0x00000000e8a00000| Untracked 
| 139|0x00000000e8b00000, 0x00000000e8b00000, 0x00000000e8c00000|  0%| F|  |TAMS 0x00000000e8b00000, 0x00000000e8b00000| Untracked 
| 140|0x00000000e8c00000, 0x00000000e8c00000, 0x00000000e8d00000|  0%| F|  |TAMS 0x00000000e8c00000, 0x00000000e8c00000| Untracked 
| 141|0x00000000e8d00000, 0x00000000e8d00000, 0x00000000e8e00000|  0%| F|  |TAMS 0x00000000e8d00000, 0x00000000e8d00000| Untracked 
| 142|0x00000000e8e00000, 0x00000000e8e00000, 0x00000000e8f00000|  0%| F|  |TAMS 0x00000000e8e00000, 0x00000000e8e00000| Untracked 
| 143|0x00000000e8f00000, 0x00000000e8f00000, 0x00000000e9000000|  0%| F|  |TAMS 0x00000000e8f00000, 0x00000000e8f00000| Untracked 
| 144|0x00000000e9000000, 0x00000000e9000000, 0x00000000e9100000|  0%| F|  |TAMS 0x00000000e9000000, 0x00000000e9000000| Untracked 
| 145|0x00000000e9100000, 0x00000000e9100000, 0x00000000e9200000|  0%| F|  |TAMS 0x00000000e9100000, 0x00000000e9100000| Untracked 
| 146|0x00000000e9200000, 0x00000000e9200000, 0x00000000e9300000|  0%| F|  |TAMS 0x00000000e9200000, 0x00000000e9200000| Untracked 
| 147|0x00000000e9300000, 0x00000000e9300000, 0x00000000e9400000|  0%| F|  |TAMS 0x00000000e9300000, 0x00000000e9300000| Untracked 
| 148|0x00000000e9400000, 0x00000000e9400000, 0x00000000e9500000|  0%| F|  |TAMS 0x00000000e9400000, 0x00000000e9400000| Untracked 
| 149|0x00000000e9500000, 0x00000000e9500000, 0x00000000e9600000|  0%| F|  |TAMS 0x00000000e9500000, 0x00000000e9500000| Untracked 
| 150|0x00000000e9600000, 0x00000000e9600000, 0x00000000e9700000|  0%| F|  |TAMS 0x00000000e9600000, 0x00000000e9600000| Untracked 
| 151|0x00000000e9700000, 0x00000000e9700000, 0x00000000e9800000|  0%| F|  |TAMS 0x00000000e9700000, 0x00000000e9700000| Untracked 
| 152|0x00000000e9800000, 0x00000000e9800000, 0x00000000e9900000|  0%| F|  |TAMS 0x00000000e9800000, 0x00000000e9800000| Untracked 
| 153|0x00000000e9900000, 0x00000000e9900000, 0x00000000e9a00000|  0%| F|  |TAMS 0x00000000e9900000, 0x00000000e9900000| Untracked 
| 154|0x00000000e9a00000, 0x00000000e9a00000, 0x00000000e9b00000|  0%| F|  |TAMS 0x00000000e9a00000, 0x00000000e9a00000| Untracked 
| 155|0x00000000e9b00000, 0x00000000e9b00000, 0x00000000e9c00000|  0%| F|  |TAMS 0x00000000e9b00000, 0x00000000e9b00000| Untracked 
| 156|0x00000000e9c00000, 0x00000000e9c00000, 0x00000000e9d00000|  0%| F|  |TAMS 0x00000000e9c00000, 0x00000000e9c00000| Untracked 
| 157|0x00000000e9d00000, 0x00000000e9d00000, 0x00000000e9e00000|  0%| F|  |TAMS 0x00000000e9d00000, 0x00000000e9d00000| Untracked 
| 158|0x00000000e9e00000, 0x00000000e9e00000, 0x00000000e9f00000|  0%| F|  |TAMS 0x00000000e9e00000, 0x00000000e9e00000| Untracked 
| 159|0x00000000e9f00000, 0x00000000e9f00000, 0x00000000ea000000|  0%| F|  |TAMS 0x00000000e9f00000, 0x00000000e9f00000| Untracked 
| 160|0x00000000ea000000, 0x00000000ea000000, 0x00000000ea100000|  0%| F|  |TAMS 0x00000000ea000000, 0x00000000ea000000| Untracked 
| 161|0x00000000ea100000, 0x00000000ea100000, 0x00000000ea200000|  0%| F|  |TAMS 0x00000000ea100000, 0x00000000ea100000| Untracked 
| 162|0x00000000ea200000, 0x00000000ea200000, 0x00000000ea300000|  0%| F|  |TAMS 0x00000000ea200000, 0x00000000ea200000| Untracked 
| 163|0x00000000ea300000, 0x00000000ea300000, 0x00000000ea400000|  0%| F|  |TAMS 0x00000000ea300000, 0x00000000ea300000| Untracked 
| 164|0x00000000ea400000, 0x00000000ea400000, 0x00000000ea500000|  0%| F|  |TAMS 0x00000000ea400000, 0x00000000ea400000| Untracked 
| 165|0x00000000ea500000, 0x00000000ea500000, 0x00000000ea600000|  0%| F|  |TAMS 0x00000000ea500000, 0x00000000ea500000| Untracked 
| 166|0x00000000ea600000, 0x00000000ea600000, 0x00000000ea700000|  0%| F|  |TAMS 0x00000000ea600000, 0x00000000ea600000| Untracked 
| 167|0x00000000ea700000, 0x00000000ea700000, 0x00000000ea800000|  0%| F|  |TAMS 0x00000000ea700000, 0x00000000ea700000| Untracked 
| 168|0x00000000ea800000, 0x00000000ea800000, 0x00000000ea900000|  0%| F|  |TAMS 0x00000000ea800000, 0x00000000ea800000| Untracked 
| 169|0x00000000ea900000, 0x00000000ea900000, 0x00000000eaa00000|  0%| F|  |TAMS 0x00000000ea900000, 0x00000000ea900000| Untracked 
| 170|0x00000000eaa00000, 0x00000000eaa00000, 0x00000000eab00000|  0%| F|  |TAMS 0x00000000eaa00000, 0x00000000eaa00000| Untracked 
| 171|0x00000000eab00000, 0x00000000eab00000, 0x00000000eac00000|  0%| F|  |TAMS 0x00000000eab00000, 0x00000000eab00000| Untracked 
| 172|0x00000000eac00000, 0x00000000eac00000, 0x00000000ead00000|  0%| F|  |TAMS 0x00000000eac00000, 0x00000000eac00000| Untracked 
| 173|0x00000000ead00000, 0x00000000ead00000, 0x00000000eae00000|  0%| F|  |TAMS 0x00000000ead00000, 0x00000000ead00000| Untracked 
| 174|0x00000000eae00000, 0x00000000eae00000, 0x00000000eaf00000|  0%| F|  |TAMS 0x00000000eae00000, 0x00000000eae00000| Untracked 
| 175|0x00000000eaf00000, 0x00000000eaf00000, 0x00000000eb000000|  0%| F|  |TAMS 0x00000000eaf00000, 0x00000000eaf00000| Untracked 
| 176|0x00000000eb000000, 0x00000000eb000000, 0x00000000eb100000|  0%| F|  |TAMS 0x00000000eb000000, 0x00000000eb000000| Untracked 
| 177|0x00000000eb100000, 0x00000000eb100000, 0x00000000eb200000|  0%| F|  |TAMS 0x00000000eb100000, 0x00000000eb100000| Untracked 
| 178|0x00000000eb200000, 0x00000000eb200000, 0x00000000eb300000|  0%| F|  |TAMS 0x00000000eb200000, 0x00000000eb200000| Untracked 
| 179|0x00000000eb300000, 0x00000000eb300000, 0x00000000eb400000|  0%| F|  |TAMS 0x00000000eb300000, 0x00000000eb300000| Untracked 
| 180|0x00000000eb400000, 0x00000000eb480800, 0x00000000eb500000| 50%| E|  |TAMS 0x00000000eb400000, 0x00000000eb400000| Complete 
| 181|0x00000000eb500000, 0x00000000eb600000, 0x00000000eb600000|100%| E|CS|TAMS 0x00000000eb500000, 0x00000000eb500000| Complete 
| 182|0x00000000eb600000, 0x00000000eb700000, 0x00000000eb700000|100%| E|CS|TAMS 0x00000000eb600000, 0x00000000eb600000| Complete 
| 183|0x00000000eb700000, 0x00000000eb800000, 0x00000000eb800000|100%| E|CS|TAMS 0x00000000eb700000, 0x00000000eb700000| Complete 
| 184|0x00000000eb800000, 0x00000000eb900000, 0x00000000eb900000|100%| E|CS|TAMS 0x00000000eb800000, 0x00000000eb800000| Complete 
| 185|0x00000000eb900000, 0x00000000eba00000, 0x00000000eba00000|100%| E|CS|TAMS 0x00000000eb900000, 0x00000000eb900000| Complete 
| 186|0x00000000eba00000, 0x00000000ebb00000, 0x00000000ebb00000|100%| E|CS|TAMS 0x00000000eba00000, 0x00000000eba00000| Complete 
| 187|0x00000000ebb00000, 0x00000000ebc00000, 0x00000000ebc00000|100%| E|CS|TAMS 0x00000000ebb00000, 0x00000000ebb00000| Complete 
| 188|0x00000000ebc00000, 0x00000000ebd00000, 0x00000000ebd00000|100%| E|CS|TAMS 0x00000000ebc00000, 0x00000000ebc00000| Complete 
| 189|0x00000000ebd00000, 0x00000000ebe00000, 0x00000000ebe00000|100%| E|CS|TAMS 0x00000000ebd00000, 0x00000000ebd00000| Complete 
| 190|0x00000000ebe00000, 0x00000000ebf00000, 0x00000000ebf00000|100%| E|CS|TAMS 0x00000000ebe00000, 0x00000000ebe00000| Complete 
| 191|0x00000000ebf00000, 0x00000000ec000000, 0x00000000ec000000|100%| E|CS|TAMS 0x00000000ebf00000, 0x00000000ebf00000| Complete 
| 192|0x00000000ec000000, 0x00000000ec100000, 0x00000000ec100000|100%| E|CS|TAMS 0x00000000ec000000, 0x00000000ec000000| Complete 
| 193|0x00000000ec100000, 0x00000000ec200000, 0x00000000ec200000|100%| E|CS|TAMS 0x00000000ec100000, 0x00000000ec100000| Complete 
| 194|0x00000000ec200000, 0x00000000ec300000, 0x00000000ec300000|100%| E|CS|TAMS 0x00000000ec200000, 0x00000000ec200000| Complete 
| 195|0x00000000ec300000, 0x00000000ec400000, 0x00000000ec400000|100%| E|CS|TAMS 0x00000000ec300000, 0x00000000ec300000| Complete 
| 196|0x00000000ec400000, 0x00000000ec500000, 0x00000000ec500000|100%| E|CS|TAMS 0x00000000ec400000, 0x00000000ec400000| Complete 
| 197|0x00000000ec500000, 0x00000000ec600000, 0x00000000ec600000|100%| E|CS|TAMS 0x00000000ec500000, 0x00000000ec500000| Complete 
| 198|0x00000000ec600000, 0x00000000ec700000, 0x00000000ec700000|100%| E|CS|TAMS 0x00000000ec600000, 0x00000000ec600000| Complete 
| 199|0x00000000ec700000, 0x00000000ec800000, 0x00000000ec800000|100%| E|CS|TAMS 0x00000000ec700000, 0x00000000ec700000| Complete 
| 200|0x00000000ec800000, 0x00000000ec900000, 0x00000000ec900000|100%| E|CS|TAMS 0x00000000ec800000, 0x00000000ec800000| Complete 
| 201|0x00000000ec900000, 0x00000000eca00000, 0x00000000eca00000|100%| E|CS|TAMS 0x00000000ec900000, 0x00000000ec900000| Complete 
| 202|0x00000000eca00000, 0x00000000ecb00000, 0x00000000ecb00000|100%| E|CS|TAMS 0x00000000eca00000, 0x00000000eca00000| Complete 
| 203|0x00000000ecb00000, 0x00000000ecc00000, 0x00000000ecc00000|100%| E|CS|TAMS 0x00000000ecb00000, 0x00000000ecb00000| Complete 
| 204|0x00000000ecc00000, 0x00000000ecd00000, 0x00000000ecd00000|100%| E|CS|TAMS 0x00000000ecc00000, 0x00000000ecc00000| Complete 
| 205|0x00000000ecd00000, 0x00000000ece00000, 0x00000000ece00000|100%| E|CS|TAMS 0x00000000ecd00000, 0x00000000ecd00000| Complete 
| 206|0x00000000ece00000, 0x00000000ecf00000, 0x00000000ecf00000|100%| E|CS|TAMS 0x00000000ece00000, 0x00000000ece00000| Complete 
| 207|0x00000000ecf00000, 0x00000000ed000000, 0x00000000ed000000|100%| E|CS|TAMS 0x00000000ecf00000, 0x00000000ecf00000| Complete 
| 208|0x00000000ed000000, 0x00000000ed100000, 0x00000000ed100000|100%| E|CS|TAMS 0x00000000ed000000, 0x00000000ed000000| Complete 
| 209|0x00000000ed100000, 0x00000000ed200000, 0x00000000ed200000|100%| E|CS|TAMS 0x00000000ed100000, 0x00000000ed100000| Complete 
| 210|0x00000000ed200000, 0x00000000ed300000, 0x00000000ed300000|100%| E|CS|TAMS 0x00000000ed200000, 0x00000000ed200000| Complete 
| 211|0x00000000ed300000, 0x00000000ed400000, 0x00000000ed400000|100%| E|CS|TAMS 0x00000000ed300000, 0x00000000ed300000| Complete 
| 212|0x00000000ed400000, 0x00000000ed500000, 0x00000000ed500000|100%| E|CS|TAMS 0x00000000ed400000, 0x00000000ed400000| Complete 
| 213|0x00000000ed500000, 0x00000000ed600000, 0x00000000ed600000|100%| E|CS|TAMS 0x00000000ed500000, 0x00000000ed500000| Complete 
| 214|0x00000000ed600000, 0x00000000ed700000, 0x00000000ed700000|100%| E|CS|TAMS 0x00000000ed600000, 0x00000000ed600000| Complete 
| 215|0x00000000ed700000, 0x00000000ed800000, 0x00000000ed800000|100%| E|CS|TAMS 0x00000000ed700000, 0x00000000ed700000| Complete 
| 216|0x00000000ed800000, 0x00000000ed900000, 0x00000000ed900000|100%| E|CS|TAMS 0x00000000ed800000, 0x00000000ed800000| Complete 
| 217|0x00000000ed900000, 0x00000000eda00000, 0x00000000eda00000|100%| E|CS|TAMS 0x00000000ed900000, 0x00000000ed900000| Complete 
| 218|0x00000000eda00000, 0x00000000edb00000, 0x00000000edb00000|100%| E|CS|TAMS 0x00000000eda00000, 0x00000000eda00000| Complete 
| 219|0x00000000edb00000, 0x00000000edc00000, 0x00000000edc00000|100%| E|CS|TAMS 0x00000000edb00000, 0x00000000edb00000| Complete 
| 220|0x00000000edc00000, 0x00000000edd00000, 0x00000000edd00000|100%| E|CS|TAMS 0x00000000edc00000, 0x00000000edc00000| Complete 
| 221|0x00000000edd00000, 0x00000000ede00000, 0x00000000ede00000|100%| E|CS|TAMS 0x00000000edd00000, 0x00000000edd00000| Complete 
| 222|0x00000000ede00000, 0x00000000edf00000, 0x00000000edf00000|100%| E|CS|TAMS 0x00000000ede00000, 0x00000000ede00000| Complete 
| 223|0x00000000edf00000, 0x00000000ee000000, 0x00000000ee000000|100%| E|CS|TAMS 0x00000000edf00000, 0x00000000edf00000| Complete 
| 224|0x00000000ee000000, 0x00000000ee100000, 0x00000000ee100000|100%| E|CS|TAMS 0x00000000ee000000, 0x00000000ee000000| Complete 
| 225|0x00000000ee100000, 0x00000000ee118100, 0x00000000ee200000|  9%| S|CS|TAMS 0x00000000ee100000, 0x00000000ee100000| Complete 
| 226|0x00000000ee200000, 0x00000000ee300000, 0x00000000ee300000|100%| S|CS|TAMS 0x00000000ee200000, 0x00000000ee200000| Complete 
| 227|0x00000000ee300000, 0x00000000ee400000, 0x00000000ee400000|100%| E|CS|TAMS 0x00000000ee300000, 0x00000000ee300000| Complete 
| 228|0x00000000ee400000, 0x00000000ee500000, 0x00000000ee500000|100%| E|CS|TAMS 0x00000000ee400000, 0x00000000ee400000| Complete 
| 229|0x00000000ee500000, 0x00000000ee600000, 0x00000000ee600000|100%| E|CS|TAMS 0x00000000ee500000, 0x00000000ee500000| Complete 
| 230|0x00000000ee600000, 0x00000000ee700000, 0x00000000ee700000|100%| E|CS|TAMS 0x00000000ee600000, 0x00000000ee600000| Complete 
| 231|0x00000000ee700000, 0x00000000ee800000, 0x00000000ee800000|100%| E|CS|TAMS 0x00000000ee700000, 0x00000000ee700000| Complete 
| 232|0x00000000ee800000, 0x00000000ee900000, 0x00000000ee900000|100%| E|CS|TAMS 0x00000000ee800000, 0x00000000ee800000| Complete 
| 233|0x00000000ee900000, 0x00000000eea00000, 0x00000000eea00000|100%| E|CS|TAMS 0x00000000ee900000, 0x00000000ee900000| Complete 
| 234|0x00000000eea00000, 0x00000000eeb00000, 0x00000000eeb00000|100%| E|CS|TAMS 0x00000000eea00000, 0x00000000eea00000| Complete 
| 235|0x00000000eeb00000, 0x00000000eec00000, 0x00000000eec00000|100%| E|CS|TAMS 0x00000000eeb00000, 0x00000000eeb00000| Complete 
| 236|0x00000000eec00000, 0x00000000eed00000, 0x00000000eed00000|100%| E|CS|TAMS 0x00000000eec00000, 0x00000000eec00000| Complete 
| 237|0x00000000eed00000, 0x00000000eee00000, 0x00000000eee00000|100%| E|CS|TAMS 0x00000000eed00000, 0x00000000eed00000| Complete 
| 238|0x00000000eee00000, 0x00000000eef00000, 0x00000000eef00000|100%| E|CS|TAMS 0x00000000eee00000, 0x00000000eee00000| Complete 
| 239|0x00000000eef00000, 0x00000000ef000000, 0x00000000ef000000|100%| E|CS|TAMS 0x00000000eef00000, 0x00000000eef00000| Complete 
| 240|0x00000000ef000000, 0x00000000ef100000, 0x00000000ef100000|100%| E|CS|TAMS 0x00000000ef000000, 0x00000000ef000000| Complete 
| 241|0x00000000ef100000, 0x00000000ef200000, 0x00000000ef200000|100%| E|CS|TAMS 0x00000000ef100000, 0x00000000ef100000| Complete 
| 242|0x00000000ef200000, 0x00000000ef300000, 0x00000000ef300000|100%| E|CS|TAMS 0x00000000ef200000, 0x00000000ef200000| Complete 
| 243|0x00000000ef300000, 0x00000000ef400000, 0x00000000ef400000|100%| E|CS|TAMS 0x00000000ef300000, 0x00000000ef300000| Complete 
| 244|0x00000000ef400000, 0x00000000ef500000, 0x00000000ef500000|100%| E|CS|TAMS 0x00000000ef400000, 0x00000000ef400000| Complete 
| 245|0x00000000ef500000, 0x00000000ef600000, 0x00000000ef600000|100%| E|CS|TAMS 0x00000000ef500000, 0x00000000ef500000| Complete 
| 246|0x00000000ef600000, 0x00000000ef700000, 0x00000000ef700000|100%| E|CS|TAMS 0x00000000ef600000, 0x00000000ef600000| Complete 
| 247|0x00000000ef700000, 0x00000000ef800000, 0x00000000ef800000|100%| E|CS|TAMS 0x00000000ef700000, 0x00000000ef700000| Complete 
| 248|0x00000000ef800000, 0x00000000ef900000, 0x00000000ef900000|100%| E|CS|TAMS 0x00000000ef800000, 0x00000000ef800000| Complete 
| 249|0x00000000ef900000, 0x00000000efa00000, 0x00000000efa00000|100%| E|CS|TAMS 0x00000000ef900000, 0x00000000ef900000| Complete 
| 250|0x00000000efa00000, 0x00000000efb00000, 0x00000000efb00000|100%| E|CS|TAMS 0x00000000efa00000, 0x00000000efa00000| Complete 
| 251|0x00000000efb00000, 0x00000000efc00000, 0x00000000efc00000|100%| E|CS|TAMS 0x00000000efb00000, 0x00000000efb00000| Complete 
| 252|0x00000000efc00000, 0x00000000efd00000, 0x00000000efd00000|100%| E|CS|TAMS 0x00000000efc00000, 0x00000000efc00000| Complete 
| 253|0x00000000efd00000, 0x00000000efe00000, 0x00000000efe00000|100%| E|CS|TAMS 0x00000000efd00000, 0x00000000efd00000| Complete 
| 254|0x00000000efe00000, 0x00000000eff00000, 0x00000000eff00000|100%| E|CS|TAMS 0x00000000efe00000, 0x00000000efe00000| Complete 
| 255|0x00000000eff00000, 0x00000000f0000000, 0x00000000f0000000|100%| E|CS|TAMS 0x00000000eff00000, 0x00000000eff00000| Complete 

Card table byte_map: [0x000001785af60000,0x000001785b060000] _byte_map_base: 0x000001785a860000

Marking Bits (Prev, Next): (CMBitMap*) 0x00000178442407e0, (CMBitMap*) 0x0000017844240820
 Prev Bits: [0x000001785b160000, 0x000001785b960000)
 Next Bits: [0x000001785b960000, 0x000001785c160000)

Polling page: 0x0000017842320000

Metaspace:

Usage:
  Non-class:     12.08 MB used.
      Class:      1.88 MB used.
       Both:     13.96 MB used.

Virtual space:
  Non-class space:       64.00 MB reserved,      12.25 MB ( 19%) committed,  1 nodes.
      Class space:      308.00 MB reserved,       2.06 MB ( <1%) committed,  1 nodes.
             Both:      372.00 MB reserved,      14.31 MB (  4%) committed. 

Chunk freelists:
   Non-Class:  3.52 MB
       Class:  1.91 MB
        Both:  5.42 MB

MaxMetaspaceSize: 384.00 MB
CompressedClassSpaceSize: 308.00 MB
Initial GC threshold: 21.00 MB
Current GC threshold: 21.00 MB
CDS: on
MetaspaceReclaimPolicy: balanced
 - commit_granule_bytes: 65536.
 - commit_granule_words: 8192.
 - virtual_space_node_default_size: 8388608.
 - enlarge_chunks_in_place: 1.
 - new_chunks_are_fully_committed: 0.
 - uncommit_free_chunks: 1.
 - use_allocation_guard: 0.


Internal statistics:

num_allocs_failed_limit: 0.
num_arena_births: 466.
num_arena_deaths: 0.
num_vsnodes_births: 2.
num_vsnodes_deaths: 0.
num_space_committed: 229.
num_space_uncommitted: 0.
num_chunks_returned_to_freelist: 0.
num_chunks_taken_from_freelist: 939.
num_chunk_merges: 0.
num_chunk_splits: 615.
num_chunks_enlarged: 433.
num_inconsistent_stats: 0.

CodeHeap 'non-profiled nmethods': size=120000Kb used=1094Kb max_used=1094Kb free=118905Kb
 bounds [0x0000017853600000, 0x0000017853870000, 0x000001785ab30000]
CodeHeap 'profiled nmethods': size=120000Kb used=5066Kb max_used=5066Kb free=114933Kb
 bounds [0x000001784c0d0000, 0x000001784c5d0000, 0x0000017853600000]
CodeHeap 'non-nmethods': size=5760Kb used=1243Kb max_used=1264Kb free=4516Kb
 bounds [0x000001784bb30000, 0x000001784bda0000, 0x000001784c0d0000]
 total_blobs=3025 nmethods=2496 adapters=441
 compilation: enabled
              stopped_count=0, restarted_count=0
 full_count=0

Compilation events (20 events):
Event: 8.657 Thread 0x000001785eb862f0 nmethod 2456 0x000001784c5a8710 code [0x000001784c5a89e0, 0x000001784c5a9938]
Event: 8.657 Thread 0x000001785eb862f0 2457       3       java.util.concurrent.atomic.AtomicReference::weakCompareAndSetVolatile (10 bytes)
Event: 8.659 Thread 0x000001785eb862f0 nmethod 2457 0x000001784c5a9e90 code [0x000001784c5aa120, 0x000001784c5aad08]
Event: 8.724 Thread 0x000001785eb862f0 2459       3       java.util.concurrent.locks.AbstractQueuedSynchronizer$Node::<init> (5 bytes)
Event: 8.724 Thread 0x000001785eb862f0 nmethod 2459 0x000001784c5ab190 code [0x000001784c5ab320, 0x000001784c5ab478]
Event: 8.755 Thread 0x000001785eb862f0 2460       3       java.util.concurrent.locks.AbstractQueuedSynchronizer$ConditionNode::<init> (5 bytes)
Event: 8.755 Thread 0x000001785eb862f0 nmethod 2460 0x000001784c5ab510 code [0x000001784c5ab6c0, 0x000001784c5ab878]
Event: 8.755 Thread 0x000001785eb862f0 2461       3       java.util.concurrent.locks.AbstractQueuedSynchronizer$ConditionObject::enableWait (84 bytes)
Event: 8.756 Thread 0x000001785eb862f0 nmethod 2461 0x000001784c5ab990 code [0x000001784c5abba0, 0x000001784c5ac2e8]
Event: 8.818 Thread 0x000001785eb862f0 2462       3       java.util.concurrent.locks.ReentrantLock::lockInterruptibly (8 bytes)
Event: 8.819 Thread 0x000001785eb862f0 nmethod 2462 0x000001784c5ac590 code [0x000001784c5ac780, 0x000001784c5acc38]
Event: 8.819 Thread 0x000001785eb862f0 2463       3       java.util.concurrent.locks.ReentrantLock$Sync::lockInterruptibly (27 bytes)
Event: 8.819 Thread 0x000001785eb862f0 nmethod 2463 0x000001784c5ace10 code [0x000001784c5ad000, 0x000001784c5ad458]
Event: 8.834 Thread 0x000001785eb862f0 2464       3       java.util.concurrent.locks.AbstractQueuedSynchronizer$ConditionObject::awaitNanos (200 bytes)
Event: 8.836 Thread 0x000001785eb862f0 nmethod 2464 0x000001784c5ad610 code [0x000001784c5ad900, 0x000001784c5ae988]
Event: 8.866 Thread 0x000001785eb862f0 2465       3       jdk.internal.misc.Unsafe::putIntOpaque (9 bytes)
Event: 8.866 Thread 0x000001785eb862f0 nmethod 2465 0x000001784c5af010 code [0x000001784c5af1a0, 0x000001784c5af2b8]
Event: 8.882 Thread 0x000001785eb862f0 2467       3       java.util.concurrent.locks.ReentrantLock$NonfairSync::tryAcquire (27 bytes)
Event: 8.882 Thread 0x000001785eb862f0 nmethod 2467 0x000001784c5af390 code [0x000001784c5af540, 0x000001784c5af7c8]
Event: 8.945 Thread 0x000001785eb862f0 2468       3       java.util.concurrent.ConcurrentLinkedQueue::poll (84 bytes)

GC Heap History (4 events):
Event: 1.000 GC heap before
{Heap before GC invocations=0 (full 0):
 garbage-first heap   total 262144K, used 26624K [0x00000000e0000000, 0x0000000100000000)
  region size 1024K, 23 young (23552K), 0 survivors (0K)
 Metaspace       used 2948K, committed 3200K, reserved 380928K
  class space    used 340K, committed 448K, reserved 315392K
}
Event: 1.009 GC heap after
{Heap after GC invocations=1 (full 0):
 garbage-first heap   total 262144K, used 11037K [0x00000000e0000000, 0x0000000100000000)
  region size 1024K, 3 young (3072K), 3 survivors (3072K)
 Metaspace       used 2948K, committed 3200K, reserved 380928K
  class space    used 340K, committed 448K, reserved 315392K
}
Event: 1.385 GC heap before
{Heap before GC invocations=1 (full 0):
 garbage-first heap   total 262144K, used 37661K [0x00000000e0000000, 0x0000000100000000)
  region size 1024K, 29 young (29696K), 3 survivors (3072K)
 Metaspace       used 4498K, committed 4736K, reserved 380928K
  class space    used 564K, committed 704K, reserved 315392K
}
Event: 1.391 GC heap after
{Heap after GC invocations=2 (full 0):
 garbage-first heap   total 262144K, used 12384K [0x00000000e0000000, 0x0000000100000000)
  region size 1024K, 2 young (2048K), 2 survivors (2048K)
 Metaspace       used 4498K, committed 4736K, reserved 380928K
  class space    used 564K, committed 704K, reserved 315392K
}

Deoptimization events (20 events):
Event: 5.048 Thread 0x00000178655b23c0 Uncommon trap: trap_request=0xffffff45 fr.pc=0x00000178536f1ac0 relative=0x0000000000000200
Event: 5.048 Thread 0x00000178655b23c0 Uncommon trap: reason=unstable_if action=reinterpret pc=0x00000178536f1ac0 method=java.util.HashMap.getNode(Ljava/lang/Object;)Ljava/util/HashMap$Node; @ 66 c2
Event: 5.048 Thread 0x00000178655b23c0 DEOPT PACKING pc=0x00000178536f1ac0 sp=0x00000012634fc240
Event: 5.048 Thread 0x00000178655b23c0 DEOPT UNPACKING pc=0x000001784bb85c23 sp=0x00000012634fc160 mode 2
Event: 5.049 Thread 0x00000178655b23c0 Uncommon trap: trap_request=0xffffffde fr.pc=0x00000178536758a4 relative=0x0000000000000724
Event: 5.049 Thread 0x00000178655b23c0 Uncommon trap: reason=class_check action=maybe_recompile pc=0x00000178536758a4 method=java.util.HashMap.putVal(ILjava/lang/Object;Ljava/lang/Object;ZZ)Ljava/lang/Object; @ 91 c2
Event: 5.049 Thread 0x00000178655b23c0 DEOPT PACKING pc=0x00000178536758a4 sp=0x00000012634fc200
Event: 5.049 Thread 0x00000178655b23c0 DEOPT UNPACKING pc=0x000001784bb85c23 sp=0x00000012634fc128 mode 2
Event: 5.049 Thread 0x00000178655b23c0 Uncommon trap: trap_request=0xffffff45 fr.pc=0x0000017853686e38 relative=0x00000000000001d8
Event: 5.049 Thread 0x00000178655b23c0 Uncommon trap: reason=unstable_if action=reinterpret pc=0x0000017853686e38 method=java.util.HashMap.getNode(Ljava/lang/Object;)Ljava/util/HashMap$Node; @ 66 c2
Event: 5.049 Thread 0x00000178655b23c0 DEOPT PACKING pc=0x0000017853686e38 sp=0x00000012634fc1d0
Event: 5.049 Thread 0x00000178655b23c0 DEOPT UNPACKING pc=0x000001784bb85c23 sp=0x00000012634fc160 mode 2
Event: 5.049 Thread 0x00000178655b23c0 Uncommon trap: trap_request=0xffffffde fr.pc=0x00000178536758a4 relative=0x0000000000000724
Event: 5.049 Thread 0x00000178655b23c0 Uncommon trap: reason=class_check action=maybe_recompile pc=0x00000178536758a4 method=java.util.HashMap.putVal(ILjava/lang/Object;Ljava/lang/Object;ZZ)Ljava/lang/Object; @ 91 c2
Event: 5.049 Thread 0x00000178655b23c0 DEOPT PACKING pc=0x00000178536758a4 sp=0x00000012634fc200
Event: 5.049 Thread 0x00000178655b23c0 DEOPT UNPACKING pc=0x000001784bb85c23 sp=0x00000012634fc128 mode 2
Event: 5.075 Thread 0x00000178655b23c0 Uncommon trap: trap_request=0xffffff45 fr.pc=0x00000178536636e8 relative=0x0000000000000248
Event: 5.075 Thread 0x00000178655b23c0 Uncommon trap: reason=unstable_if action=reinterpret pc=0x00000178536636e8 method=java.util.concurrent.ConcurrentHashMap.get(Ljava/lang/Object;)Ljava/lang/Object; @ 76 c2
Event: 5.075 Thread 0x00000178655b23c0 DEOPT PACKING pc=0x00000178536636e8 sp=0x00000012634fb800
Event: 5.075 Thread 0x00000178655b23c0 DEOPT UNPACKING pc=0x000001784bb85c23 sp=0x00000012634fb768 mode 2

Classes loaded (20 events):
Event: 5.057 Loading class sun/reflect/generics/reflectiveObjects/WildcardTypeImpl
Event: 5.057 Loading class sun/reflect/generics/reflectiveObjects/WildcardTypeImpl done
Event: 5.069 Loading class jdk/internal/vm/annotation/IntrinsicCandidate
Event: 5.074 Loading class jdk/internal/vm/annotation/IntrinsicCandidate done
Event: 5.080 Loading class java/util/stream/MatchOps$MatchKind
Event: 5.080 Loading class java/util/stream/MatchOps$MatchKind done
Event: 5.080 Loading class java/util/stream/MatchOps
Event: 5.080 Loading class java/util/stream/MatchOps done
Event: 5.080 Loading class java/util/stream/MatchOps$MatchOp
Event: 5.081 Loading class java/util/stream/MatchOps$MatchOp done
Event: 5.081 Loading class java/util/stream/MatchOps$BooleanTerminalSink
Event: 5.081 Loading class java/util/stream/MatchOps$BooleanTerminalSink done
Event: 5.082 Loading class java/util/stream/MatchOps$1MatchSink
Event: 5.082 Loading class java/util/stream/MatchOps$1MatchSink done
Event: 5.156 Loading class java/lang/TypeNotPresentException
Event: 5.156 Loading class java/lang/TypeNotPresentException done
Event: 7.294 Loading class java/util/ConcurrentModificationException
Event: 7.294 Loading class java/util/ConcurrentModificationException done
Event: 7.331 Loading class sun/reflect/generics/scope/ConstructorScope
Event: 7.331 Loading class sun/reflect/generics/scope/ConstructorScope done

Classes unloaded (0 events):
No events

Classes redefined (0 events):
No events

Internal exceptions (20 events):
Event: 2.281 Thread 0x000001784420da10 Exception <a 'java/lang/NoSuchMethodError'{0x00000000ed81a710}: 'java.lang.Object java.lang.invoke.DirectMethodHandle$Holder.invokeSpecial(java.lang.Object, java.lang.Object, java.lang.Object, java.lang.Object, java.lang.Object, java.lang.Object, java.lang.Object, java.lang.Object, java.lang.Object, java.lang.Object, java.lang.Object, java.lang.Object, java.lang.Object, java.lang.Object, java.lang.Object)'> (0x00000000ed81a710) 
thrown [s\open\src\hotspot\share\interpreter\linkResolver.cpp, line 759]
Event: 2.783 Thread 0x000001784420da10 Exception <a 'java/lang/NoSuchMethodError'{0x00000000ed474918}: 'java.lang.Object java.lang.invoke.DirectMethodHandle$Holder.invokeVirtual(java.lang.Object, java.lang.Object, java.lang.Object, java.lang.Object, java.lang.Object, java.lang.Object, java.lang.Object, java.lang.Object, java.lang.Object)'> (0x00000000ed474918) 
thrown [s\open\src\hotspot\share\interpreter\linkResolver.cpp, line 759]
Event: 2.784 Thread 0x000001784420da10 Exception <a 'java/lang/NoSuchMethodError'{0x00000000ed479538}: 'java.lang.Object java.lang.invoke.DirectMethodHandle$Holder.invokeSpecial(java.lang.Object, java.lang.Object, java.lang.Object, java.lang.Object, java.lang.Object, java.lang.Object, java.lang.Object, java.lang.Object, java.lang.Object, java.lang.Object)'> (0x00000000ed479538) 
thrown [s\open\src\hotspot\share\interpreter\linkResolver.cpp, line 759]
Event: 2.861 Thread 0x000001784420da10 Exception <a 'java/lang/NoSuchMethodError'{0x00000000ed20c810}: 'java.lang.Object java.lang.invoke.DirectMethodHandle$Holder.invokeStaticInit(java.lang.Object, int, int, int, int)'> (0x00000000ed20c810) 
thrown [s\open\src\hotspot\share\interpreter\linkResolver.cpp, line 759]
Event: 2.969 Thread 0x000001784420da10 Exception <a 'java/lang/NoSuchMethodError'{0x00000000ed2ffab0}: 'java.lang.Object java.lang.invoke.DirectMethodHandle$Holder.invokeStaticInit(java.lang.Object, java.lang.Object, int, int, int, int)'> (0x00000000ed2ffab0) 
thrown [s\open\src\hotspot\share\interpreter\linkResolver.cpp, line 759]
Event: 3.145 Thread 0x000001784420da10 Exception <a 'java/io/IOException'{0x00000000ecff8de8}> (0x00000000ecff8de8) 
thrown [s\open\src\hotspot\share\prims\jni.cpp, line 516]
Event: 3.166 Thread 0x000001784420da10 Implicit null exception at 0x00000178536412d2 to 0x0000017853641838
Event: 3.189 Thread 0x000001784420da10 Exception <a 'java/lang/NoSuchMethodError'{0x00000000ece68f48}: 'java.lang.Object java.lang.invoke.DirectMethodHandle$Holder.newInvokeSpecial(java.lang.Object, java.lang.Object, java.lang.Object, java.lang.Object, java.lang.Object)'> (0x00000000ece68f48) 
thrown [s\open\src\hotspot\share\interpreter\linkResolver.cpp, line 759]
Event: 3.198 Thread 0x000001784420da10 Exception <a 'java/lang/NoSuchMethodError'{0x00000000ece92320}: 'void java.lang.invoke.DirectMethodHandle$Holder.invokeSpecial(java.lang.Object, java.lang.Object, java.lang.Object)'> (0x00000000ece92320) 
thrown [s\open\src\hotspot\share\interpreter\linkResolver.cpp, line 759]
Event: 3.544 Thread 0x00000178655b23c0 Exception <a 'java/lang/NoSuchMethodError'{0x00000000ec7c3a00}: 'java.lang.Object java.lang.invoke.DirectMethodHandle$Holder.invokeVirtual(java.lang.Object, java.lang.Object, java.lang.Object, java.lang.Object, java.lang.Object, java.lang.Object, java.lang.Object)'> (0x00000000ec7c3a00) 
thrown [s\open\src\hotspot\share\interpreter\linkResolver.cpp, line 759]
Event: 3.578 Thread 0x00000178655b23c0 Exception <a 'java/lang/NoSuchMethodError'{0x00000000ec66b520}: 'long java.lang.invoke.DirectMethodHandle$Holder.invokeInterface(java.lang.Object, java.lang.Object)'> (0x00000000ec66b520) 
thrown [s\open\src\hotspot\share\interpreter\linkResolver.cpp, line 759]
Event: 4.876 Thread 0x00000178655b23c0 Exception <a 'java/lang/NoSuchMethodError'{0x00000000ec2dc590}: 'void java.lang.invoke.DirectMethodHandle$Holder.invokeStatic(java.lang.Object, java.lang.Object)'> (0x00000000ec2dc590) 
thrown [s\open\src\hotspot\share\interpreter\linkResolver.cpp, line 759]
Event: 4.913 Thread 0x00000178655b23c0 Exception <a 'java/lang/NoSuchMethodError'{0x00000000ec135d58}: 'java.lang.Object java.lang.invoke.DirectMethodHandle$Holder.invokeVirtual(java.lang.Object, java.lang.Object, java.lang.Object, java.lang.Object, java.lang.Object, java.lang.Object, java.lang.Object, java.lang.Object, java.lang.Object, java.lang.Object, java.lang.Object, java.lang.Object)'> (0x00000000ec135d58) 
thrown [s\open\src\hotspot\share\interpreter\linkResolver.cpp, line 759]
Event: 4.914 Thread 0x00000178655b23c0 Exception <a 'java/lang/NoSuchMethodError'{0x00000000ec13b298}: 'java.lang.Object java.lang.invoke.DirectMethodHandle$Holder.invokeSpecial(java.lang.Object, java.lang.Object, java.lang.Object, java.lang.Object, java.lang.Object, java.lang.Object, java.lang.Object, java.lang.Object, java.lang.Object, java.lang.Object, java.lang.Object, java.lang.Object, java.lang.Object)'> (0x00000000ec13b298) 
thrown [s\open\src\hotspot\share\interpreter\linkResolver.cpp, line 759]
Event: 5.037 Thread 0x00000178655b23c0 Exception <a 'java/lang/NoSuchMethodError'{0x00000000ec0dbae0}: 'void java.lang.invoke.DirectMethodHandle$Holder.invokeStatic(java.lang.Object, java.lang.Object, java.lang.Object, java.lang.Object)'> (0x00000000ec0dbae0) 
thrown [s\open\src\hotspot\share\interpreter\linkResolver.cpp, line 759]
Event: 5.083 Thread 0x00000178655b23c0 Exception <a 'java/lang/NoSuchMethodError'{0x00000000ebf98cb8}: 'int java.lang.invoke.DirectMethodHandle$Holder.invokeVirtual(java.lang.Object, java.lang.Object, java.lang.Object)'> (0x00000000ebf98cb8) 
thrown [s\open\src\hotspot\share\interpreter\linkResolver.cpp, line 759]
Event: 5.215 Thread 0x00000178655b23c0 Exception <a 'java/lang/NoSuchMethodError'{0x00000000ebc148a0}: 'java.lang.Object java.lang.invoke.DirectMethodHandle$Holder.newInvokeSpecial(java.lang.Object, java.lang.Object, java.lang.Object, java.lang.Object, java.lang.Object, java.lang.Object)'> (0x00000000ebc148a0) 
thrown [s\open\src\hotspot\share\interpreter\linkResolver.cpp, line 759]
Event: 8.421 Thread 0x00000178655b23c0 Exception <a 'java/lang/NoSuchMethodError'{0x00000000ebaa0830}: 'void java.lang.invoke.DelegatingMethodHandle$Holder.reinvoke_L(java.lang.Object, java.lang.Object, java.lang.Object, java.lang.Object, java.lang.Object, java.lang.Object, java.lang.Object, java.lang.Object, java.lang.Object, java.lang.Object)'> (0x00000000ebaa0830) 
thrown [s\open\src\hotspot\share\interpreter\linkResolver.cpp, line 759]
Event: 8.423 Thread 0x00000178655b23c0 Exception <a 'java/lang/NoSuchMethodError'{0x00000000ebaa87f0}: 'java.lang.Object java.lang.invoke.Invokers$Holder.invoker(java.lang.Object, java.lang.Object, java.lang.Object, java.lang.Object, java.lang.Object, java.lang.Object, java.lang.Object, java.lang.Object, java.lang.Object, java.lang.Object)'> (0x00000000ebaa87f0) 
thrown [s\open\src\hotspot\share\interpreter\linkResolver.cpp, line 759]
Event: 8.424 Thread 0x00000178655b23c0 Exception <a 'java/lang/NoSuchMethodError'{0x00000000ebaade50}: 'java.lang.Object java.lang.invoke.DirectMethodHandle$Holder.invokeSpecial(java.lang.Object, java.lang.Object, java.lang.Object, java.lang.Object, java.lang.Object, java.lang.Object, java.lang.Object, java.lang.Object, java.lang.Object, java.lang.Object, java.lang.Object)'> (0x00000000ebaade50) 
thrown [s\open\src\hotspot\share\interpreter\linkResolver.cpp, line 759]

VM Operations (20 events):
Event: 2.343 Executing VM operation: HandshakeAllThreads done
Event: 2.733 Executing VM operation: HandshakeAllThreads
Event: 2.733 Executing VM operation: HandshakeAllThreads done
Event: 2.733 Executing VM operation: Cleanup
Event: 2.733 Executing VM operation: Cleanup done
Event: 2.733 Executing VM operation: HandshakeAllThreads
Event: 2.733 Executing VM operation: HandshakeAllThreads done
Event: 2.816 Executing VM operation: HandshakeAllThreads
Event: 2.817 Executing VM operation: HandshakeAllThreads done
Event: 2.943 Executing VM operation: HandshakeAllThreads
Event: 2.943 Executing VM operation: HandshakeAllThreads done
Event: 3.945 Executing VM operation: Cleanup
Event: 4.821 Executing VM operation: Cleanup done
Event: 5.826 Executing VM operation: Cleanup
Event: 6.244 Executing VM operation: Cleanup done
Event: 7.245 Executing VM operation: Cleanup
Event: 7.271 Executing VM operation: Cleanup done
Event: 8.279 Executing VM operation: Cleanup
Event: 8.359 Executing VM operation: Cleanup done
Event: 9.360 Executing VM operation: Cleanup

Events (20 events):
Event: 0.413 Thread 0x0000017862f13fb0 Thread added: 0x0000017862f13fb0
Event: 0.428 Thread 0x0000017862f144b0 Thread added: 0x0000017862f144b0
Event: 0.444 Loaded shared library C:\Program Files\Java\jdk-18.0.2.1\bin\jimage.dll
Event: 0.820 Loaded shared library C:\Program Files\Java\jdk-18.0.2.1\bin\verify.dll
Event: 0.875 Loaded shared library C:\Users\Prince Maurya\.gradle\native\660c5614fbf4a5f2a75b1949f50a0caf5cd603558e7d8a26e50b933a0cfb79d1\windows-amd64\native-platform.dll
Event: 0.894 Loaded shared library C:\Users\Prince Maurya\.gradle\native\0.2.8\x86_64-windows-gnu\gradle-fileevents.dll
Event: 2.194 Loaded shared library C:\Program Files\Java\jdk-18.0.2.1\bin\management.dll
Event: 2.198 Loaded shared library C:\Program Files\Java\jdk-18.0.2.1\bin\management_ext.dll
Event: 2.275 Thread 0x00000178647ba260 Thread added: 0x00000178647ba260
Event: 2.463 Thread 0x0000017862f13fb0 Thread exited: 0x0000017862f13fb0
Event: 2.463 Thread 0x0000017862f144b0 Thread exited: 0x0000017862f144b0
Event: 3.012 Thread 0x0000017864d90e70 Thread added: 0x0000017864d90e70
Event: 3.201 Thread 0x0000017864db4080 Thread added: 0x0000017864db4080
Event: 3.251 Thread 0x000001786442a280 Thread added: 0x000001786442a280
Event: 3.258 Thread 0x0000017864cd36a0 Thread added: 0x0000017864cd36a0
Event: 3.332 Thread 0x0000017865426bf0 Thread added: 0x0000017865426bf0
Event: 3.353 Thread 0x00000178655b23c0 Thread added: 0x00000178655b23c0
Event: 3.378 Thread 0x00000178655b2d60 Thread added: 0x00000178655b2d60
Event: 3.391 Thread 0x00000178655b1080 Thread added: 0x00000178655b1080
Event: 3.407 Thread 0x00000178655b3230 Thread added: 0x00000178655b3230


Dynamic libraries:
0x00007ff7b5e00000 - 0x00007ff7b5e10000 	C:\Program Files\Java\jdk-18.0.2.1\bin\java.exe
0x00007ffbfbb00000 - 0x00007ffbfbd66000 	C:\WINDOWS\SYSTEM32\ntdll.dll
0x00007ffbf9b90000 - 0x00007ffbf9c59000 	C:\WINDOWS\System32\KERNEL32.DLL
0x00007ffbf9420000 - 0x00007ffbf981e000 	C:\WINDOWS\System32\KERNELBASE.dll
0x00007ffbf8e90000 - 0x00007ffbf8fdc000 	C:\WINDOWS\System32\ucrtbase.dll
0x00007ffbe9930000 - 0x00007ffbe994a000 	C:\Program Files\Java\jdk-18.0.2.1\bin\VCRUNTIME140.dll
0x00007ffbbbab0000 - 0x00007ffbbbac8000 	C:\Program Files\Java\jdk-18.0.2.1\bin\jli.dll
0x00007ffbfac30000 - 0x00007ffbface7000 	C:\WINDOWS\System32\ADVAPI32.dll
0x00007ffbfb980000 - 0x00007ffbfba29000 	C:\WINDOWS\System32\msvcrt.dll
0x00007ffbfb070000 - 0x00007ffbfb11a000 	C:\WINDOWS\System32\sechost.dll
0x00007ffbfab10000 - 0x00007ffbfac28000 	C:\WINDOWS\System32\RPCRT4.dll
0x00007ffbfad30000 - 0x00007ffbfaef7000 	C:\WINDOWS\System32\USER32.dll
0x00007ffbf9200000 - 0x00007ffbf9227000 	C:\WINDOWS\System32\win32u.dll
0x00007ffbdc890000 - 0x00007ffbdcb22000 	C:\WINDOWS\WinSxS\amd64_microsoft.windows.common-controls_6595b64144ccf1df_6.0.26100.8875_none_3e0d5d42e32fe9dd\COMCTL32.dll
0x00007ffbfaae0000 - 0x00007ffbfab0b000 	C:\WINDOWS\System32\GDI32.dll
0x00007ffbf92f0000 - 0x00007ffbf941a000 	C:\WINDOWS\System32\gdi32full.dll
0x00007ffbf8d20000 - 0x00007ffbf8dc3000 	C:\WINDOWS\System32\msvcp_win.dll
0x00007ffbe9450000 - 0x00007ffbe945b000 	C:\WINDOWS\SYSTEM32\VERSION.dll
0x00007ffbfacf0000 - 0x00007ffbfad22000 	C:\WINDOWS\System32\IMM32.DLL
0x00007ffbdba30000 - 0x00007ffbdba3c000 	C:\Program Files\Java\jdk-18.0.2.1\bin\vcruntime140_1.dll
0x00007ffb9e4a0000 - 0x00007ffb9e52d000 	C:\Program Files\Java\jdk-18.0.2.1\bin\msvcp140.dll
0x00007ffb58920000 - 0x00007ffb59531000 	C:\Program Files\Java\jdk-18.0.2.1\bin\server\jvm.dll
0x00007ffbfb950000 - 0x00007ffbfb958000 	C:\WINDOWS\System32\PSAPI.DLL
0x00007ffbefa90000 - 0x00007ffbefac6000 	C:\WINDOWS\SYSTEM32\WINMM.dll
0x00007ffbd2a00000 - 0x00007ffbd2a0a000 	C:\WINDOWS\SYSTEM32\WSOCK32.dll
0x00007ffbfaf00000 - 0x00007ffbfaf80000 	C:\WINDOWS\System32\WS2_32.dll
0x00007ffbf79a0000 - 0x00007ffbf79bb000 	C:\WINDOWS\SYSTEM32\kernel.appcore.dll
0x00007ffbc5530000 - 0x00007ffbc553a000 	C:\Program Files\Java\jdk-18.0.2.1\bin\jimage.dll
0x00007ffbf61e0000 - 0x00007ffbf6422000 	C:\WINDOWS\SYSTEM32\DBGHELP.DLL
0x00007ffbfb5c0000 - 0x00007ffbfb943000 	C:\WINDOWS\System32\combase.dll
0x00007ffbfaf90000 - 0x00007ffbfb069000 	C:\WINDOWS\System32\OLEAUT32.dll
0x00007ffbd7e80000 - 0x00007ffbd7ebb000 	C:\WINDOWS\SYSTEM32\dbgcore.DLL
0x00007ffbf9230000 - 0x00007ffbf92dc000 	C:\WINDOWS\System32\bcryptPrimitives.dll
0x00007ffbbff40000 - 0x00007ffbbff4e000 	C:\Program Files\Java\jdk-18.0.2.1\bin\instrument.dll
0x00007ffba6cc0000 - 0x00007ffba6ce5000 	C:\Program Files\Java\jdk-18.0.2.1\bin\java.dll
0x00007ffb87920000 - 0x00007ffb879f6000 	C:\Program Files\Java\jdk-18.0.2.1\bin\jsvml.dll
0x00007ffbfa340000 - 0x00007ffbfaad2000 	C:\WINDOWS\System32\SHELL32.dll
0x00007ffbf67a0000 - 0x00007ffbf7032000 	C:\WINDOWS\SYSTEM32\windows.storage.dll
0x00007ffbfb240000 - 0x00007ffbfb337000 	C:\WINDOWS\System32\SHCORE.dll
0x00007ffbf9830000 - 0x00007ffbf9897000 	C:\WINDOWS\System32\shlwapi.dll
0x00007ffbf8c40000 - 0x00007ffbf8c69000 	C:\WINDOWS\SYSTEM32\profapi.dll
0x00007ffbabd00000 - 0x00007ffbabd18000 	C:\Program Files\Java\jdk-18.0.2.1\bin\zip.dll
0x00007ffbad280000 - 0x00007ffbad293000 	C:\Program Files\Java\jdk-18.0.2.1\bin\net.dll
0x00007ffbef020000 - 0x00007ffbef147000 	C:\WINDOWS\SYSTEM32\WINHTTP.dll
0x00007ffbf7fb0000 - 0x00007ffbf801c000 	C:\WINDOWS\system32\mswsock.dll
0x00007ffbac990000 - 0x00007ffbac9a6000 	C:\Program Files\Java\jdk-18.0.2.1\bin\nio.dll
0x00007ffbbffa0000 - 0x00007ffbbffb0000 	C:\Program Files\Java\jdk-18.0.2.1\bin\verify.dll
0x00007ffb94220000 - 0x00007ffb94247000 	C:\Users\Prince Maurya\.gradle\native\660c5614fbf4a5f2a75b1949f50a0caf5cd603558e7d8a26e50b933a0cfb79d1\windows-amd64\native-platform.dll
0x00007ffb9f9d0000 - 0x00007ffb9fa47000 	C:\Users\Prince Maurya\.gradle\native\0.2.8\x86_64-windows-gnu\gradle-fileevents.dll
0x00007ffbb6990000 - 0x00007ffbb6999000 	C:\Program Files\Java\jdk-18.0.2.1\bin\management.dll
0x00007ffbb5410000 - 0x00007ffbb541b000 	C:\Program Files\Java\jdk-18.0.2.1\bin\management_ext.dll
0x00007ffbf73e0000 - 0x00007ffbf7413000 	C:\WINDOWS\SYSTEM32\IPHLPAPI.DLL
0x00007ffbfb170000 - 0x00007ffbfb17a000 	C:\WINDOWS\System32\NSI.dll
0x00007ffbf1580000 - 0x00007ffbf159d000 	C:\WINDOWS\SYSTEM32\dhcpcsvc6.DLL
0x00007ffbf1550000 - 0x00007ffbf1575000 	C:\WINDOWS\SYSTEM32\dhcpcsvc.DLL
0x00007ffbf7480000 - 0x00007ffbf75d6000 	C:\WINDOWS\SYSTEM32\DNSAPI.dll
0x00007ffbf7d40000 - 0x00007ffbf7d4d000 	C:\WINDOWS\SYSTEM32\DSPARSE.dll
0x00007ffbf82b0000 - 0x00007ffbf82cb000 	C:\WINDOWS\SYSTEM32\CRYPTSP.dll
0x00007ffbf7960000 - 0x00007ffbf7999000 	C:\WINDOWS\system32\rsaenh.dll
0x00007ffbf8070000 - 0x00007ffbf80a2000 	C:\WINDOWS\SYSTEM32\USERENV.dll
0x00007ffbf8c10000 - 0x00007ffbf8c3a000 	C:\WINDOWS\SYSTEM32\bcrypt.dll
0x00007ffbf82d0000 - 0x00007ffbf82dc000 	C:\WINDOWS\SYSTEM32\CRYPTBASE.dll

dbghelp: loaded successfully - version: 4.0.5 - missing functions: none
symbol engine: initialized successfully - sym options: 0x614 - pdb path: .;C:\Program Files\Java\jdk-18.0.2.1\bin;C:\WINDOWS\SYSTEM32;C:\WINDOWS\WinSxS\amd64_microsoft.windows.common-controls_6595b64144ccf1df_6.0.26100.8875_none_3e0d5d42e32fe9dd;C:\Program Files\Java\jdk-18.0.2.1\bin\server;C:\Users\Prince Maurya\.gradle\native\660c5614fbf4a5f2a75b1949f50a0caf5cd603558e7d8a26e50b933a0cfb79d1\windows-amd64;C:\Users\Prince Maurya\.gradle\native\0.2.8\x86_64-windows-gnu

VM Arguments:
jvm_args: --add-opens=java.base/java.lang=ALL-UNNAMED --add-opens=java.base/java.lang.invoke=ALL-UNNAMED --add-opens=java.base/java.util=ALL-UNNAMED --add-opens=java.prefs/java.util.prefs=ALL-UNNAMED --add-exports=jdk.compiler/com.sun.tools.javac.api=ALL-UNNAMED --add-exports=jdk.compiler/com.sun.tools.javac.util=ALL-UNNAMED --add-opens=java.base/java.nio.charset=ALL-UNNAMED --add-opens=java.base/java.net=ALL-UNNAMED --add-opens=java.base/java.util.concurrent=ALL-UNNAMED --add-opens=java.base/java.util.concurrent.atomic=ALL-UNNAMED --add-opens=java.xml/javax.xml.namespace=ALL-UNNAMED --add-opens=java.base/java.time=ALL-UNNAMED -XX:MaxMetaspaceSize=384m -XX:+HeapDumpOnOutOfMemoryError -Xms256m -Xmx512m -Dfile.encoding=UTF-8 -Duser.country=IN -Duser.language=en -Duser.variant -javaagent:C:\Users\Prince Maurya\.gradle\wrapper\dists\gradle-9.5.1-bin\iq79hdu3mqx29lgffhp8bfmx\gradle-9.5.1\lib\agents\gradle-instrumentation-agent-9.5.1.jar 
java_command: org.gradle.launcher.daemon.bootstrap.GradleDaemon 9.5.1
java_class_path (initial): C:\Users\Prince Maurya\.gradle\wrapper\dists\gradle-9.5.1-bin\iq79hdu3mqx29lgffhp8bfmx\gradle-9.5.1\lib\gradle-daemon-main-9.5.1.jar
Launcher Type: SUN_STANDARD

[Global flags]
     intx CICompilerCount                          = 4                                         {product} {ergonomic}
   size_t CompressedClassSpaceSize                 = 322961408                                 {product} {ergonomic}
     uint ConcGCThreads                            = 2                                         {product} {ergonomic}
     uint G1ConcRefinementThreads                  = 8                                         {product} {ergonomic}
   size_t G1HeapRegionSize                         = 1048576                                   {product} {ergonomic}
    uintx GCDrainStackTargetSize                   = 64                                        {product} {ergonomic}
     bool HeapDumpOnOutOfMemoryError               = true                                   {manageable} {command line}
   size_t InitialHeapSize                          = 268435456                                 {product} {command line}
   size_t MarkStackSize                            = 4194304                                   {product} {ergonomic}
   size_t MaxHeapSize                              = 536870912                                 {product} {command line}
   size_t MaxMetaspaceSize                         = 402653184                                 {product} {command line}
   size_t MaxNewSize                               = 321912832                                 {product} {ergonomic}
   size_t MinHeapDeltaBytes                        = 1048576                                   {product} {ergonomic}
   size_t MinHeapSize                              = 268435456                                 {product} {command line}
    uintx NonNMethodCodeHeapSize                   = 5839372                                {pd product} {ergonomic}
    uintx NonProfiledCodeHeapSize                  = 122909434                              {pd product} {ergonomic}
    uintx ProfiledCodeHeapSize                     = 122909434                              {pd product} {ergonomic}
    uintx ReservedCodeCacheSize                    = 251658240                              {pd product} {ergonomic}
     bool SegmentedCodeCache                       = true                                      {product} {ergonomic}
   size_t SoftMaxHeapSize                          = 536870912                              {manageable} {ergonomic}
     bool UseCompressedClassPointers               = true                           {product lp64_product} {ergonomic}
     bool UseCompressedOops                        = true                           {product lp64_product} {ergonomic}
     bool UseG1GC                                  = true                                      {product} {ergonomic}
     bool UseLargePagesIndividualAllocation        = false                                  {pd product} {ergonomic}

Logging:
Log output configuration:
 #0: stdout all=warning uptime,level,tags foldmultilines=false
 #1: stderr all=off uptime,level,tags foldmultilines=false

Environment Variables:
JAVA_HOME=C:\Program Files\Java\jdk-18.0.2.1
PATH=C:\ProgramData\Oracle\Java\javapath;C:\Program Files\Common Files\Oracle\Java\javapath;C:\Program Files (x86)\Common Files\Oracle\Java\javapath;C:\WINDOWS\system32;C:\WINDOWS;C:\WINDOWS\System32\Wbem;C:\WINDOWS\System32\WindowsPowerShell\v1.0\;C:\WINDOWS\System32\OpenSSH\;C:\Program Files\dotnet\;P:\git_hub\;P:\Git\cmd;C:\Users\Prince Maurya\AppData\Roaming\Microsoft\Windows\Start Menu\Programs\Python 3.12;C:\Users\Prince Maurya\AppData\Local\Programs\Python\Python312;C:\Users\Prince Maurya\AppData\Local\Programs\Python\Python312\Scripts;C:\Users\Prince Maurya\AppData\Roaming\npm;C:\Users\Prince Maurya\AppData\Local\nvm;C:\nvm4w\nodejs;C:\Program Files\LibreOffice\program;C:\Program Files\gs\gs10.06.0\bin;C:\Android\sdk\bin;C:\Users\Prince Maurya\AppData\Local\Microsoft\WindowsApps;C:\Users\Prince Maurya\AppData\Local\Programs\Python\Python313;C:\Users\Prince Maurya\AppData\Local\Programs\Python\Python313\Scripts\;C:\Program Files\Java\jdk-17\bin;C:\hadoop-3.3.6\bin;C:\hadoop-3.3.6\sbin;C:\hadoop-3.3.6\bin;C:\Program Files\Java\jdk-18.0.2.1\bin;C:\Users\Prince Maurya\AppData\Local\Programs\Python\Python311\Scripts\;C:\Users\Prince Maurya\AppData\Local\Programs\Python\Python311\;C:\Users\Prince Maurya\AppData\Local\Programs\Python\Python313\Scripts\;C:\Users\Prince Maurya\AppData\Local\Programs\Python\Python313\;C:\ProgramData\Oracle\Java\javapath;C:\Program Files\Common Files\Oracle\Java\javapath;C:\Program Files (x86)\Common Files\Oracle\Java\javapath;C:\WINDOWS\system32;C:\WINDOWS;C:\WINDOWS\System32\Wbem;C:\WINDOWS\System32\WindowsPowerShell\v1.0\;C:\WINDOWS\System32\OpenSSH\;C:\Program Files\dotnet\;P:\git_hub\;P:\Git\cmd;C:\Users\Prince Maurya\AppData\Roaming\Microsoft\Windows\Start Menu\Programs\Python 3.12;C:\Users\Prince Maurya\AppData\Local\Programs\Python\Python312;C:\Users\Prince Maurya\AppData\Local\Programs\Python\Python312\Scripts;C:\Users\Prince Maurya\AppData\Roaming\npm;C:\ProgramData\Oracle\Java\javapath;C:\Program Files\Common Files\Oracle\Java\javapath;C:\Program Files (x86)\Common Files\Oracle\Java\javapath;C:\WINDOWS\system32;C:\WINDOWS;C:\WINDOWS\System32\Wbem;C:\WINDOWS\System32\WindowsPowerShell\v1.0\;C:\WINDOWS\System32\OpenSSH\;C:\Program Files\dotnet\;P:\git_hub\;P:\Git\cmd;C:\Users\Prince Maurya\AppData\Roaming\Microsoft\Windows\Start Menu\Programs\Python 3.12;C:\Users\Prince Maurya\AppData\Local\Programs\Python\Python312;C:\Users\Prince Maurya\AppData\Local\Programs\Python\Python312\Scripts;C:\Users\Prince Maurya\AppData\Roaming\npm;C:\ProgramData\Oracle\Java\javapath;C:\Program Files\Common Files\Oracle\Java\javapath;C:\Program Files (x86)\Common Files\Oracle\Java\javapath;C:\WINDOWS\system32;C:\WINDOWS;C:\WINDOWS\System32\Wbem;C:\WINDOWS\System32\WindowsPowerShell\v1.0\;C:\WINDOWS\System32\OpenSSH\;C:\Program Files\dotnet\;P:\git_hub\;P:\Git\cmd;C:\Users\Prince Maurya\AppData\Roaming\Microsoft\Windows\Start Menu\Programs\Python 3.12;C;C:\path\to\mycli\directory;P:\Microsoft VS Code\bin;P:\mysys2cpp\ucrt64\bin;C:\Users\Prince Maurya\AppData\Local\nvm;C:\nvm4w\nodejs;C:\Users\Prince Maurya\AppData\Local\nvm;C:\Users\Prince Maurya\.aptoscli\bin;C:\Users\Prince Maurya\AppData\Local\Microsoft\WindowsApps;C:\Users\Prince Maurya\AppData\Local\Programs\Antigravity IDE\bin
USERNAME=Prince Maurya
OS=Windows_NT
PROCESSOR_IDENTIFIER=Intel64 Family 6 Model 140 Stepping 1, GenuineIntel



---------------  S Y S T E M  ---------------

OS:
 Windows 11 , 64 bit Build 26100 (10.0.26100.8875)
OS uptime: 7 days 23:36 hours
Hyper-V role detected

CPU: total 8 (initial active 8) (4 cores per cpu, 2 threads per core) family 6 model 140 stepping 1 microcode 0xbe, cx8, cmov, fxsr, ht, mmx, 3dnowpref, sse, sse2, sse3, ssse3, sse4.1, sse4.2, popcnt, lzcnt, tsc, tscinvbit, avx, avx2, aes, erms, clmul, bmi1, bmi2, adx, avx512f, avx512dq, avx512cd, avx512bw, avx512vl, sha, fma, vzeroupper, avx512_vpopcntdq, avx512_vpclmulqdq, avx512_vaes, avx512_vnni, clflush, clflushopt, clwb, avx512_vbmi2, avx512_vbmi, hv

Memory: 4k page, system-wide physical 32502M (3383M free)
TotalPageFile size 41687M (AvailPageFile size 1M)
current process WorkingSet (physical memory assigned to process): 172M, peak: 173M
current process commit charge ("private bytes"): 395M, peak: 401M

vm_info: Java HotSpot(TM) 64-Bit Server VM (18.0.2.1+1-1) for windows-amd64 JRE (18.0.2.1+1-1), built on Aug 16 2022 01:46:33 by "mach5one" with MS VC++ 16.8 / 16.9 (VS2019)

END.
